WARNING: Unable to read mpd.hosts or list of hosts isn't provided. MPI job will be run on the current machine only.
                             TTTT         F       DDDDD    
                            T    T               D         
                           T     T        F     D          
                           T    T         F     D        D 
                           TTTTT          F     D         D
                           T    T         F     D         D
                           T     T        F     D         D
                           T      T       F     D         D
                           T     T     FFFF     D         D
                           T TTTT         F      D        D
                           T             F        D      D 
                       TTTTTTTTT    FFFFF          DDDDDD  
                         gggggg          iiiii    BBBBBBBBB
                        g      g        i             B    
                       g        g      i         BBBB B    
                       g         g     iiii     B     B    
                       g         g     i       B      B    
                       g         g     i        B     B    
                       g         g     i         B    B    
                       g         g     i          BBBBB    
                        g        g     i         B    B    
                                 g     i        B     B    
                                g               B    B     
                           ggggg       i         BBBB                (Ver 1.6-dev.15)
 ------------------------------------------------------------------------------------
 |              Daubechies Wavelets for DFT Pseudopotential Calculations            |
 ------------------------------------------------------------------------------------
                                   The Journal of Chemical Physics 129, 014109 (2008)
 
 |... (file:input.perf)...........................................Performance Options
 |debug F                    Debug option
 |fftcache 8192              Cache size for the FFT
 |accel OCLGPU               Acceleration (NO, CUDAGPU, OCLGPU)
 |blas F                     CUBLAS acceleration
 |projrad  1.50E+01          Radius of the projector as a function of the maxrad
 |exctxpar OP2P              Exact exchange parallelisation scheme
 |ig_diag T                  Input guess: (T:Direct, F:Iterative) diag. of Ham.
 |ig_norbp 5                 Input guess: Orbitals per process for iterative diag.
 |ig_blocks  300 800         Input guess: Block sizes for orthonormalisation
 |ig_tol  1.00E-04           Input guess: Tolerance criterion
 |methortho 0                Orthogonalisation (0=Cholesky,1=GS/Chol,2=Loewdin)
 |rho_commun DBL             Density communication scheme
 |linear OFF                 Linear Input Guess approach
 |verbosity 2                verbosity of the output 0=low, 2=high
 |psp_onfly T                Calculate pseudopotential projectors on the fly
 |... (file:input.dft).....................................DFT Calculation Parameters
 |0.450 0.45 0.45  hx,hy,hz: grid spacing in the three directions                    
 |20.0 20.0      c(f)rmult: c(f)rmult*radii_cf(:,1(2))=coarse(fine) atom-based radius
 |1              ixc: exchange-correlation parameter (LDA=1,PBE=11)                  
 |0 0.0 0.0 0.0  charge of the system, Electric field (Ex,Ey,Ez)                     
 |1  0           nspin=1 non-spin polarization, mpol=total magnetic moment           
 |1.E-04         gnrm_cv: convergence criterion gradient                             
 |10 1           itermax,nrepmax: max. # of wfn. opt. steps and of re-diag. runs     
 |3  6           ncong, idsx: # of CG it. for preconditioning eq., wfn. diis history 
 |0              dispersion correction potential (values 1,2,3), 0=none              
 |0 0            InputPsiId, output_wf, output_denspot                               
 |0.0  30        rbuf, ncongt: length of the tail (AU),# tail CG iterations          
 |0 0 0          Davidson subspace dim., # of opt. orbs, # of plotted orbs           
 |T              disable the symmetry detection                                      
 |... (file:input.kpt.. not present)..............Brillouin Zone Sampling Parameters 
 |manual         K-point sampling method                                             
 |1              Number of K-points                                                  
 |0. 0. 0. 1.    K-pt coords, K-pt weigth                                            
 |... (file:input.mix.. not present)...............................Mixing Parameters 
 |0              Mixing parameters                                                   
 |1              Maximum number of diagonalisation iterations                        
 |1.e-4          Stop criterion on the residue of potential or density               
 |0 0.0 1        No. of additional bands, elec. temperature, smearing method         
 |0.0 2.0        Multiplying factors for the mixing and the electronic DIIS          
 |... (file:input.geopt.. not present)...........................Geometry Parameters 
 |BFGS           Geometry optimisation method                                        
 |1              Maximum number of force evaluations                                 
 |1.0 0.0        fract_fluct,forcemax                                                
 |0.0            random displacement amplitude                                       
 |4.0            Stepsize for the geometry optimisation                              
 |... (file:input.tddft.. not present).............................TD-DFT Parameters 
 |NONE           TDDFT Method                                                        
 |... (file:input.sic.. not present)..................................SIC Parameters 
 |NONE           SIC method: NONE, PZ, NK                                            
 |0.0            SIC downscaling parameter                                           
 |0.0            Reference occupation fref (NK case only)                            
 |----------------------------------------------------------------------------------
 |  Data Writing directory:    not needed
 --- (file: posinp.xyz  ) --------------------------------------- Input atomic system
   Atomic system                  Fixed positions           Additional data
 Bound. C.= P             | No fixed atom            | N. sym.   = disabled    
 N. types =     1         |                          | Sp. group = disabled    
 N. atoms =     8         |                          | Virt. orb.= none        
 Types    = 'Si'          |                          | Plot dens.= none        
                          |                          | Spin pol. = no          
 --- (file: input.kpt) ----------------------------------------------------- k-points
        red. coordinates         weight       id        BZ coordinates
   0.00000  0.00000  0.00000    1.00000        1   0.00000  0.00000  0.00000
 --- (file: input.geopt) ------------------------------------- Geopt Input Parameters
       Generic param.              Geo. optim.                MD param.
       Max. steps=      1 | Fluct. in forces=1.0E+00 |           ionmov=     -1
        algorithm=BFGS    |   Max. in forces=0.0E+00 |            dtion=     0.
 random at.displ.=0.0E+00 |   steep. descent=4.0E+00 |
 
 Number of MPI processes 2
 Number of maximal OpenMP threads per MPI process 2
 OpenCL support activated (iproc=0)
 
 ===================== BigDFT Wavefunction Optimization =============== inputPsiId= 0
 --- (file: input.dft) --------------------------------------------- Input Parameters
     System Choice       Resolution Radii        SCF Iteration      Finite Size Corr.
   Max. hgrid=  0.450 |  Coarse Wfs.=20.00 | Wavefns Conv.= 1.0E-04 | Calculate=   F
        XC id=      1 |    Fine Wfs.=20.00 | Max. N. Iter.=   10x 1 | Extension= 0.0
 total charge=      0 |                    | CG Prec.Steps=       3 |  CG Steps=  30
  elec. field=0.0E+00 |                    | DIIS Hist. N.=       6
   Geom. Code=    P   |   Box Sizes (Bohr) =  1.02609E+01  1.02609E+01  1.02609E+01
   Input wf. policy=    0 (LCAO          ) |  Output wf. policy=     0 (none        )
 Output grid policy=    0   (none        ) | Output grid format=     0         (text)
 Exchange-corr. ref.                                                   (XC: Teter 93)
                                                    XC functional provided by ABINIT.
 ------------------------------------------------------------------ System Properties
  Atom    N.Electr.  PSP Code  Radii: Coarse     Fine  CoarsePSP    Calculated   File
     Si          4       3            1.80603  0.42274  0.42274         X              
 ------------------------------------ Pseudopotential coefficients (Upper Triangular)
 Atom Name    rloc      C1        C2        C3        C4  
       Si   0.44000  -7.33610
     l=0      rl        h1j       h2j       h3j 
            0.42274   5.90693  -1.26189
                                3.25820
     l=1      rl        h1j       h2j       h3j 
            0.48428   2.72701
 Total Number of Electrons       32
 Processes from 0 to 1 treat 8 orbitals 
 Total Number of Orbitals        16
 occup(1:16)= 2.0000
 Shifted atomic positions, Atomic Units:                   grid spacing units:
     1     Si  0.00000E+00  0.00000E+00  0.00000E+00        0.000     0.000     0.000
     2     Si  5.13043E+00  5.13043E+00  0.00000E+00       12.000    12.000     0.000
     3     Si  5.13043E+00  0.00000E+00  5.13043E+00       12.000     0.000    12.000
     4     Si  0.00000E+00  5.13043E+00  5.13043E+00        0.000    12.000    12.000
     5     Si  2.56521E+00  2.56521E+00  2.56521E+00        6.000     6.000     6.000
     6     Si  7.69564E+00  7.69564E+00  2.56521E+00       18.000    18.000     6.000
     7     Si  7.69564E+00  2.56521E+00  7.69564E+00       18.000     6.000    18.000
     8     Si  2.56521E+00  7.69564E+00  7.69564E+00        6.000    18.000    18.000
    Shift of=  0.00000E+00  0.00000E+00  0.00000E+00 H grids=  0.4275  0.4275  0.4275
   Box Sizes=  1.02609E+01  1.02609E+01  1.02609E+01           23        23        23
       Extremes for the high resolution grid points:         0<23      0<23      0<23
 wavelet localization is OFF
 ------------------------------------------------------------ Poisson Kernel Creation
 Poisson solver for periodic BC, no kernel calculation...done.
 Memory occ. per proc. (Bytes):  Density=442368  Kernel=65000
                                 Full Grid Arrays=884736
 Load Balancing for Poisson Solver related operations:
 LB_density        : processors   0  -  1 work at 100%
 Complete LB per proc.= 1/3 LB_density + 2/3 LB_kernel
 ------------------------------------------------- Wavefunctions Descriptors Creation
 Coarse resolution grid: Number of segments=        576 points=     13824
   Fine resolution grid: Number of segments=        576 points=     13824
 Wavefunctions memory occupation for root MPI process:     6 MB   768 KB     0 B
 ------------------------------------------------------------ PSP Projectors Creation
 Type    Name Number of atoms Number of projectors
    1      Si               8                    5
                                            ------  On-the-fly projectors application
 Total number of projectors =                   40
 Total number of components =               552680
 Percent of zero components =                   22
 ------------------------------------------------------------------ Memory Estimation
 Number of atoms=    8 Number of orbitals=    16 Sim. Box Dimensions=    23   23   23
 Estimation performed for 2 processors.
 Memory occupation for principal arrays:
               Poisson Solver Kernel (K):     0 MB   469 KB
              Poisson Solver Density (D):     0 MB   432 KB
     Single Wavefunction for one orbital:     0 MB   864 KB
    All Wavefunctions for each processor:    20 MB   256 KB
       Wavefunctions + DIIS per proc (W):   101 MB   256 KB
     Nonlocal Pseudopotential Arrays (P):     4 MB   222 KB
    Arrays of full uncompressed grid (U):     0 MB   864 KB
 Estimation of Memory requirements for principal code sections:
  Kernel calculation | Density Construction | Poisson Solver | Hamiltonian application
       ~19*K         |   W+~3*U+~ 3*D+K+P   |   ~12*D+K+W+P  |   W+~4*U+~ 3*D+K+P 
         8MB         |       109MB          |      110MB     |           110MB
 The overall memory requirement needed for this calculation is thus: 110 MB
 By reducing the DIIS history and/or increasing the number of processors the amount of
  memory can be reduced but for this system it will never be less than 10 MB
 ion-ion interaction energy -3.47783394340131E+01
 ----------------------------------------------------------- Ionic Potential Creation
 total ionic charge, leaked charge           -32.000000000000   0.000E+00
 PSolver, periodic BC, dimensions:    48   48   48   proc    2 ... done.
 ------------------------------------------------------- Input Wavefunctions Creation
 Generating 32 Atomic Input Orbitals
 Processes from 0 to 1 treat 16 inguess orbitals 
 Calculating AIO wavefunctions: 
 Generation of input wavefunction data for atom     Si: 
   Elec. Configuration: s 2.00 , p 2/3 2/3 2/3 , ... done.
 Wavefunctions memory occupation for root MPI process:    13 MB   512 KB     0 B
 GPU data allocated
 Writing wavefunctions in wavelet form... done.
 Deviation from normalization of the imported orbitals    6.93E-02
 Calculation of charge density... done. Total electronic charge=      31.999999999946
 PSolver, periodic BC, dimensions:    48   48   48   proc    2 ... done.
 Hamiltonian application... done. ekin_sum,eks:      11.5176088772      11.1353757265
 ekin_sum,epot_sum,eproj_sum  1.15176088772E+01 -1.78297592745E+01  8.02024126537E+00
    ehart,   eexcu,    vexcu  1.83669139243E+00 -9.43309400974E+00 -1.23007509919E+01
 Input Wavefunctions Orthogonalization:
 Overlap Matrix... Direct diagonalization...
 evale(1)= -1.83333178443088E-01
 evale(2)= -3.18684131088185E-02
 evale(3)= -3.18684015622515E-02
 evale(4)= -3.18684015622507E-02
 evale(5)= -3.18683173755870E-02
 evale(6)= -3.18683066931906E-02
 evale(7)= -3.18683066931900E-02
 evale(8)=  1.49669338524528E-01
 evale(9)=  1.49669343899474E-01
 evale(10)=  1.49669343899475E-01
 evale(11)=  1.49669392859975E-01 <-
 evale(12)=  1.49669392859976E-01 <-
 evale(13)=  1.49669398234935E-01 <-
 evale(14)=  2.69117148999496E-01 <-
 evale(15)=  2.69117411713728E-01 <-
 evale(16)=  2.69117411713728E-01 <- Last InputGuess eval, H-L IG gap:   2.8832 eV
 evale(17)=  3.75073375383749E-01 <- First virtual eval
 evale(18)=  3.75073375383750E-01 <-
 evale(19)=  3.75073582166154E-01 <-
 evale(20)=  3.78003675803683E-01 <-
 evale(21)=  3.78003675803683E-01 <-
 evale(22)=  3.78003707039449E-01
 evale(23)=  3.78003832537119E-01
 evale(24)=  3.78003832537119E-01
 evale(25)=  3.78003868503904E-01
 evale(26)=  3.85276257494444E-01
 evale(27)=  6.52689521357835E-01
 evale(28)=  6.52689532632300E-01
 evale(29)=  6.52689532632302E-01
 evale(30)=  6.52689626753524E-01
 evale(31)=  6.52689626753527E-01
 evale(32)=  6.52689638028066E-01
 Building orthogonal Wavefunctions... done.
 GPU data allocated
 ---------------------------------------------------------------------------- iter= 1
 Calculation of charge density... done. Total electronic charge=      31.999999999957
 PSolver, periodic BC, dimensions:    48   48   48   proc    2 ... done.
 Hamiltonian application... done,  orthoconstraint... done,  preconditioning... done.
 ekin_sum,epot_sum,eproj_sum  1.27844269019E+01 -1.71283929021E+01  7.23045019436E+00
    ehart,   eexcu,    vexcu  2.08913621784E+00 -9.53492333178E+00 -1.24346542583E+01
 iter,total energy,gnrm     1  -3.10812605311207442E+01  9.38E-02
 DIIS wgts:    1.00E+00  1.00E+00
 Orthogonalization... done.
 ---------------------------------------------------------------------------- iter= 2
 Calculation of charge density... done. Total electronic charge=      31.999999999924
 PSolver, periodic BC, dimensions:    48   48   48   proc    2 ... done.
 Hamiltonian application... done,  orthoconstraint... done,  preconditioning... done.
 ekin_sum,epot_sum,eproj_sum  1.32177180309E+01 -1.69042248013E+01  6.67043714966E+00
    ehart,   eexcu,    vexcu  2.41583588732E+00 -9.67349428142E+00 -1.26170713991E+01
 iter,total energy,gnrm     2  -3.12666678243998568E+01  4.86E-02
 DIIS wgts:   -4.63E-01  1.46E+00 -4.34E-03
 Orthogonalization... done.
 ---------------------------------------------------------------------------- iter= 3
 Calculation of charge density... done. Total electronic charge=      31.999999999897
 PSolver, periodic BC, dimensions:    48   48   48   proc    2 ... done.
 Hamiltonian application... done,  orthoconstraint... done,  preconditioning... done.
 ekin_sum,epot_sum,eproj_sum  1.33774878621E+01 -1.67916976291E+01  6.43975205307E+00
    ehart,   eexcu,    vexcu  2.53213808653E+00 -9.72406182123E+00 -1.26836814244E+01
 iter,total energy,gnrm     3  -3.13253156312720478E+01  2.83E-02
 DIIS wgts:    3.47E-01 -1.51E+00  2.17E+00 -2.92E-04
 Orthogonalization... done.
 ---------------------------------------------------------------------------- iter= 4
 Calculation of charge density... done. Total electronic charge=      31.999999999862
 PSolver, periodic BC, dimensions:    48   48   48   proc    2 ... done.
 Hamiltonian application... done,  orthoconstraint... done,  preconditioning... done.
 ekin_sum,epot_sum,eproj_sum  1.34244195274E+01 -1.66976361618E+01  6.28528400941E+00
    ehart,   eexcu,    vexcu  2.53994335642E+00 -9.73022877684E+00 -1.26918402908E+01
 iter,total energy,gnrm     4  -3.13446039015731373E+01  8.97E-03
 DIIS wgts:   -8.12E-02  3.68E-01 -6.85E-01  1.40E+00 -2.41E-05
 Orthogonalization... done.
 ---------------------------------------------------------------------------- iter= 5
 Calculation of charge density... done. Total electronic charge=      31.999999999830
 PSolver, periodic BC, dimensions:    48   48   48   proc    2 ... done.
 Hamiltonian application... done,  orthoconstraint... done,  preconditioning... done.
 ekin_sum,epot_sum,eproj_sum  1.34394934867E+01 -1.66923904479E+01  6.26561048299E+00
    ehart,   eexcu,    vexcu  2.54192875721E+00 -9.73136208557E+00 -1.26933364209E+01
 iter,total energy,gnrm     5  -3.13455803340717267E+01  3.19E-03
 DIIS wgts:    2.07E-02 -7.66E-02  1.58E-01 -7.02E-01  1.60E+00 -1.61E-06
 Orthogonalization... done.
 ---------------------------------------------------------------------------- iter= 6
 Calculation of charge density... done. Total electronic charge=      31.999999999818
 PSolver, periodic BC, dimensions:    48   48   48   proc    2 ... done.
 Hamiltonian application... done,  orthoconstraint... done,  preconditioning... done.
 ekin_sum,epot_sum,eproj_sum  1.34415161413E+01 -1.66988378360E+01  6.27019640858E+00
    ehart,   eexcu,    vexcu  2.54218325323E+00 -9.73132301250E+00 -1.26932857336E+01
 iter,total energy,gnrm     6  -3.13456852521946558E+01  8.79E-04
 DIIS wgts:   -6.49E-03  1.89E-02 -4.22E-02  2.83E-01 -8.46E-01  1.59E+00 -9.08E-08
 Orthogonalization... done.
 ---------------------------------------------------------------------------- iter= 7
 Calculation of charge density... done. Total electronic charge=      31.999999999821
 PSolver, periodic BC, dimensions:    48   48   48   proc    2 ... done.
 Hamiltonian application... done,  orthoconstraint... done,  preconditioning... done.
 ekin_sum,epot_sum,eproj_sum  1.34416433644E+01 -1.67005353719E+01  6.27224030407E+00
    ehart,   eexcu,    vexcu  2.54271865386E+00 -9.73149907764E+00 -1.26935177201E+01
 iter,total energy,gnrm     7  -3.13456911488013823E+01  2.35E-04
 DIIS wgts:    1.91E-03 -4.02E-03  2.23E-03  3.38E-02 -2.94E-01  1.26E+00 -1.02E-08
 Orthogonalization... done.
 ---------------------------------------------------------------------------- iter= 8
 Calculation of charge density... done. Total electronic charge=      31.999999999822
 PSolver, periodic BC, dimensions:    48   48   48   proc    2 ... done.
 Hamiltonian application... done,  orthoconstraint... done,  preconditioning... done.
 ekin_sum,epot_sum,eproj_sum  1.34410694194E+01 -1.67007219883E+01  6.27294325633E+00
    ehart,   eexcu,    vexcu  2.54264993924E+00 -9.73146281344E+00 -1.26934699578E+01
 iter,total energy,gnrm     8  -3.13456915414672110E+01  7.00E-05
 DIIS wgts:    1.04E-03 -1.39E-02  3.53E-02  3.90E-02 -5.99E-01  1.54E+00 -9.35E-10
 Orthogonalization... done.
 ---------------------------------------------------------------------------- iter= 9
 Calculation of charge density... done. Total electronic charge=      31.999999999822
 PSolver, periodic BC, dimensions:    48   48   48   proc    2 ... done.
 Hamiltonian application... done. 9 minimization iterations required
 --------------------------------------------------- End of Wavefunction Optimisation
 ekin_sum,epot_sum,eproj_sum  1.34408507031E+01 -1.67006155450E+01  6.27301326165E+00
    ehart,   eexcu,    vexcu  2.54260197521E+00 -9.73144475390E+00 -1.26934461611E+01
 FINAL iter,total energy,gnrm     9  -3.13456915822871665E+01  7.00E-05
 --------------------------------------- Kohn-Sham Eigenvalues and Occupation Numbers
 e(   1)= -1.72087469107180E-01 2.0000
 e(   2)= -1.84777898634866E-02 2.0000
 e(   3)= -1.84777797994646E-02 2.0000
 e(   4)= -1.84777797994642E-02 2.0000
 e(   5)= -1.84776862733686E-02 2.0000
 e(   6)= -1.84776768236998E-02 2.0000
 e(   7)= -1.84776768236993E-02 2.0000
 e(   8)=  1.62955326922240E-01 2.0000
 e(   9)=  1.62955332563403E-01 2.0000
 e(  10)=  1.62955332563403E-01 2.0000
 e(  11)=  1.62955382272787E-01 2.0000
 e(  12)=  1.62955382272787E-01 2.0000
 e(  13)=  1.62955387913962E-01 2.0000
 e(  14)=  2.70615154146644E-01 2.0000
 e(  15)=  2.70615384849523E-01 2.0000
 e(  16)=  2.70615384849524E-01 2.0000
 ----------------------------------------------------------------- Forces Calculation
 Calculation of charge density... done. Total electronic charge=      31.999999999822
 PSolver, periodic BC, dimensions:    48   48   48   proc    2 ... done.
 ------------------------------------------------------------- Electric Dipole Moment
  |P| =   6.578459E+01 (AU)       (Px,Py,Pz)=   -3.7981E+01  -3.7981E+01  -3.7981E+01
  |P| =   1.672077E+02 (Debye)    (Px,Py,Pz)=   -9.6537E+01  -9.6537E+01  -9.6537E+01
 Calculate local forces...done. Leaked force:  0.00000E+00
 Calculate nonlocal forces... done.
 Stress Tensor, Total contribution (Ha/Bohr^3):
                   x                   y                   z
 x        -2.104928838709E-04 -8.798252224425E-10 -8.798252216383E-10
 y                            -2.104928838709E-04 -8.798252234241E-10
 z                                                -2.104928838708E-04
 Pressure: -2.10492883870874E-04 ( -6.192914E+00 GPa), P V: -2.27398675073914E-01
 average noise along x direction:   1.81175095E-08
 average noise along y direction:   1.81175084E-08
 average noise along z direction:   1.81174922E-08
 total average noise            :   3.13804363E-08
 clean forces norm (Ha/Bohr): maxval=  2.806219745920E-07  fnrm2=  4.865166577406E-13
 CPU time/ELAPSED time for root process     0        29.92        29.81
 Final values of the Forces for each atom
     1     Si -1.35497E-07 -1.35497E-07 -1.35497E-07
     2     Si -1.35498E-07 -1.35498E-07 -1.35498E-07
     3     Si -1.35498E-07 -1.35498E-07 -1.35498E-07
     4     Si -1.35498E-07 -1.35498E-07 -1.35498E-07
     5     Si  1.62017E-07  1.62017E-07  1.62017E-07
     6     Si  1.34600E-07  1.34600E-07  1.62018E-07
     7     Si  1.34600E-07  1.62018E-07  1.34600E-07
     8     Si  1.62018E-07  1.34600E-07  1.34600E-07
 -------------------------MEMORY CONSUMPTION REPORT-----------------------------
 4533 allocations and 4533 deallocations, remaining memory(B): 0
 memory occupation peak: 116 MB
 for the array  wprojz in the routine crtproj
