                             TTTT         F       DDDDD    
                            T    T               D         
                           T     T        F     D          
                           T    T         F     D        D 
                           TTTTT          F     D         D
                           T    T         F     D         D
                           T     T        F     D         D
                           T      T       F     D         D
                           T     T     FFFF     D         D
                           T TTTT         F      D        D
                           T             F        D      D 
                       TTTTTTTTT    FFFFF          DDDDDD  
                         gggggg          iiiii    BBBBBBBBB
                        g      g        i             B    
                       g        g      i         BBBB B    
                       g         g     iiii     B     B    
                       g         g     i       B      B    
                       g         g     i        B     B    
                       g         g     i         B    B    
                       g         g     i          BBBBB    
                        g        g     i         B    B    
                                 g     i        B     B    
                                g               B    B     
                           ggggg       i         BBBB                 (Ver 1.6-dev.0)
 ------------------------------------------------------------------------------------
 |              Daubechies Wavelets for DFT Pseudopotential Calculations            |
 ------------------------------------------------------------------------------------
                                   The Journal of Chemical Physics 129, 014109 (2008)

 --- (file: input.perf -- not present) -------------------------- Performance Options
 |   debug                   !Option disabled
 |   fftcache 8192           !Cache size for the FFT
 |   accel NO                !Acceleration (NO, CUDAGPU, OCLGPU)
 |   blas F                  !CUBLAS acceleration
 |   projrad  15.00          !Radius of the projector as a function of the maxrad
 |   exctxpar BC             !Exact exchange parallelisation scheme
 |   ig_diag T               !Input guess: Direct diagonalization of Hamiltonian
 |   ig_blocks 300 800       !Input guess: Block size for orthonormalisation
 |   ig_tol  1.00E-04        !Input guess: Tolerance criterion
 |   methortho 0             !Orthogonalisation (0=Cholesky,1=GS/Chol,2=Loewdin)

 --- (file: posinp.xyz  ) --------------------------------------- Input atomic system
   Atomic system                  Fixed positions           Additional data
 Bound. C.= F             | No fixed atom            | N. sym.   = free BC     
 N. types =     1         |                          | Sp. group = free BC     
 N. atoms =     2         |                          | Virt. orb.= none        
 Types    = 'Ca'          |                          | Plot dens.= none        
                          |                          | Spin pol. = no          
 ===================== BigDFT Wavefunction Optimization =============== inputPsiId= 0
 --- (file: input.dft) --------------------------------------------- Input Parameters
     System Choice       Resolution Radii        SCF Iteration      Finite Size Corr.
   Max. hgrid=  0.500 |  Coarse Wfs.= 5.00 | Wavefns Conv.= 1.0E-04 | Calculate=   F
        XC id=      1 |    Fine Wfs.= 8.00 | Max. N. Iter.=   50x10 | Extension= 0.0
 total charge=      0 |                    | CG Prec.Steps=       6 |  CG Steps=  30
  elec. field=0.0E+00 |                    | DIIS Hist. N.=       6
   Input wf. policy=    0 (LCAO          ) |  Output wf. policy=     0 (none        )
 Output grid policy=    0   (none        ) | Output grid format=     0         (text)
 ------------------------------------------------------------------ System Properties
  Atom    N.Electr.  PSP Code  Radii: Coarse     Fine  CoarsePSP    Calculated   File
     Ca          2       3            1.88037  0.52655  1.17523         X              
 ------------------------------------ Pseudopotential coefficients (Upper Triangular)
 Atom Name    rloc      C1        C2        C3        C4  
       Ca   0.80000
     l=0      rl        h1j       h2j       h3j 
            0.66974   1.64501  -0.59005   0.07222
                                1.52349  -0.18646
                                          0.29600
     l=1      rl        h1j       h2j       h3j 
            0.94647   0.58548  -0.05338
                                0.12633
     l=2      rl        h1j       h2j       h3j 
            0.52655  -3.03232
 Total Number of Electrons        4
 Processes from 0 to 1 treat 1 orbitals 
 Total Number of Orbitals         2
 occup(1:2)= 2.0000
 Shifted atomic positions, Atomic Units:                   grid spacing units:
     1     Ca  9.25000E+00  9.25000E+00  9.16541E+00       18.500    18.500    18.331
     2     Ca  9.25000E+00  9.25000E+00  1.48346E+01       18.500    18.500    29.669
    Shift of=  9.25000E+00  9.25000E+00  9.16541E+00 H grids=  0.5000  0.5000  0.5000
   Box Sizes=  1.85000E+01  1.85000E+01  2.40000E+01           37        37        48
       Extremes for the high resolution grid points:        11<26     11<26     10<38
 wavelet localization is ON
 ------------------------------------------------------------ Poisson Kernel Creation
 Calculating Poisson solver kernel, free BC...done.
 Memory occ. per proc. (Bytes):  Density=5806080  Kernel=6016560
                                 Full Grid Arrays=11201400
 Load Balancing for Poisson Solver related operations:
 LB_density        : processors   0  -  1 work at 100%
  LB_kernel        : processors   0  -  0 work at 100%
                     processor       1   works at  98%
 Complete LB per proc.= 1/3 LB_density + 2/3 LB_kernel
 ------------------------------------------------- Wavefunctions Descriptors Creation
 Coarse resolution grid: Number of segments=       1528 points=     40132
   Fine resolution grid: Number of segments=        396 points=      4624
 Wavefunctions memory occupation for root processor (Bytes): 580000
 ------------------------------------------------------------ PSP Projectors Creation
 Type    Name Number of atoms Number of projectors
    1      Ca               2                   14
                                            ------  On-the-fly projectors application
 Total number of projectors =                   28
 Total number of components =               633584
 Percent of zero components =                    7
 ------------------------------------------------------------------ Memory Estimation
 Number of atoms=    2 Number of orbitals=     2 Sim. Box Dimensions=    37   37   48
 Estimation performed for 2 processors.
 Memory occupation for principal arrays:
               Poisson Solver Kernel (K):     5 MB   756 KB
              Poisson Solver Density (D):     5 MB   550 KB
     Single Wavefunction for one orbital:     0 MB   567 KB
    All Wavefunctions for each processor:     1 MB   676 KB
       Wavefunctions + DIIS per proc (W):     8 MB   305 KB
     Nonlocal Pseudopotential Arrays (P):     4 MB   854 KB
    Arrays of full uncompressed grid (U):    10 MB   699 KB
 Estimation of Memory requirements for principal code sections:
  Kernel calculation | Density Construction | Poisson Solver | Hamiltonian application
       ~19*K         |   W+~3*U+~ 3*D+K+P   |   ~12*D+K+W+P  |   W+~3*U+~ 3*D+K+P 
       109MB         |        63MB          |       85MB     |            64MB
 The overall memory requirement needed for this calculation is thus: 109 MB
 By reducing the DIIS history and/or increasing the number of processors the amount of
  memory can be reduced but for this system it will never be less than 46 MB
 ion-ion interaction energy  7.05569614400000E-01
 ----------------------------------------------------------- Ionic Potential Creation
 total ionic charge, leaked charge            -4.000000000000   0.000E+00
 PSolver, free  BC, dimensions:   105  105  127   proc    2 ... done.
 ------------------------------------------------------- Input Wavefunctions Creation
 Generating 2 Atomic Input Orbitals
 Processes from 0 to 1 treat 1 inguess orbitals 
 Calculating AIO wavefunctions: 
 Generation of input wavefunction data for atom     Ca: 
   Elec. Configuration: s 2.00 , ... done.
 Wavefunctions memory occupation for root processor (Bytes): 580000
 Writing wavefunctions in wavelet form... done.
 Deviation from normalization of the imported orbitals    2.18E-03
 Calculation of charge density... done. Total electronic charge=       3.999999986033
 PSolver, free  BC, dimensions:   105  105  127   proc    2 ... done.
 Hamiltonian application... done. ekin_sum,eks:       0.4059856456       0.3837837679
 ekin_sum,epot_sum,eproj_sum  4.05985645617E-01 -1.28650935870E+00  2.50970557863E-01
    ehart,   eexcu,    vexcu  1.55342664732E+00 -5.62328773994E-01 -7.30603197539E-01
 Input Wavefunctions Orthogonalization:
 Overlap Matrix... Direct diagonalization...
 evale(1)= -1.77690151117506E-01 <-
 evale(2)= -9.74421983792872E-02 <- Last InputGuess eval
 Building orthogonal Wavefunctions... done.
 expected accuracy in energy  2.22E-02
 expected accuracy in energy per orbital  1.11E-02
 ---------------------------------------------------------------------------- iter= 1
 Calculation of charge density... done. Total electronic charge=       3.999999985294
 PSolver, free  BC, dimensions:   105  105  127   proc    2 ... done.
 Hamiltonian application... done,  orthoconstraint... done,  preconditioning... done.
 ekin_sum,epot_sum,eproj_sum  4.83414326535E-01 -1.29146448683E+00  2.06985595605E-01
    ehart,   eexcu,    vexcu  1.49386523727E+00 -5.55540488510E-01 -7.21749656845E-01
 iter,total energy,gnrm     1  -1.22315101922214908E+00  2.29E-01
 DIIS wgts:    1.00E+00  1.00E+00
 Orthogonalization... done.
 ---------------------------------------------------------------------------- iter= 2
 Calculation of charge density... done. Total electronic charge=       3.999999999057
 PSolver, free  BC, dimensions:   105  105  127   proc    2 ... done.
 Hamiltonian application... done,  orthoconstraint... done,  preconditioning... done.
 ekin_sum,epot_sum,eproj_sum  4.58192256052E-01 -1.29572369534E+00  2.28096363195E-01
    ehart,   eexcu,    vexcu  1.53657179520E+00 -5.66416617716E-01 -7.35902458067E-01
 iter,total energy,gnrm     2  -1.27095141653757948E+00  7.46E-02
 DIIS wgts:    1.86E-01  8.14E-01 -4.25E-03
 Orthogonalization... done.
 ---------------------------------------------------------------------------- iter= 3
 Calculation of charge density... done. Total electronic charge=       3.999999999597
 PSolver, free  BC, dimensions:   105  105  127   proc    2 ... done.
 Hamiltonian application... done,  orthoconstraint... done,  preconditioning... done.
 ekin_sum,epot_sum,eproj_sum  4.68140583349E-01 -1.29379855902E+00  2.19522960583E-01
    ehart,   eexcu,    vexcu  1.55012035969E+00 -5.69933249551E-01 -7.40492203877E-01
 iter,total energy,gnrm     3  -1.28012680605223061E+00  3.48E-02
 DIIS wgts:   -1.80E-01 -4.34E-01  1.61E+00 -1.11E-03
 Orthogonalization... done.
 ---------------------------------------------------------------------------- iter= 4
 Calculation of charge density... done. Total electronic charge=       3.999999999612
 PSolver, free  BC, dimensions:   105  105  127   proc    2 ... done.
 Hamiltonian application... done,  orthoconstraint... done,  preconditioning... done.
 ekin_sum,epot_sum,eproj_sum  4.86631587891E-01 -1.29188818072E+00  2.13601202852E-01
    ehart,   eexcu,    vexcu  1.57242808222E+00 -5.75593530029E-01 -7.47886230734E-01
 iter,total energy,gnrm     4  -1.28622115709834750E+00  3.21E-02
 DIIS wgts:   -9.35E-03 -2.17E-01  9.33E-02  1.13E+00 -2.47E-04
 Orthogonalization... done.
 ---------------------------------------------------------------------------- iter= 5
 Calculation of charge density... done. Total electronic charge=       3.999999999596
 PSolver, free  BC, dimensions:   105  105  127   proc    2 ... done.
 Hamiltonian application... done,  orthoconstraint... done,  preconditioning... done.
 ekin_sum,epot_sum,eproj_sum  4.92141531552E-01 -1.29267274659E+00  2.11464609775E-01
    ehart,   eexcu,    vexcu  1.57791824017E+00 -5.76843974687E-01 -7.49524787550E-01
 iter,total energy,gnrm     5  -1.28873441816357848E+00  2.51E-02
 DIIS wgts:    3.19E-02  1.07E-01 -2.44E-01 -3.99E-01  1.50E+00 -1.29E-04
 Orthogonalization... done.
 ---------------------------------------------------------------------------- iter= 6
 Calculation of charge density... done. Total electronic charge=       3.999999999589
 PSolver, free  BC, dimensions:   105  105  127   proc    2 ... done.
 Hamiltonian application... done,  orthoconstraint... done,  preconditioning... done.
 ekin_sum,epot_sum,eproj_sum  5.02576060151E-01 -1.29331138858E+00  2.00074316898E-01
    ehart,   eexcu,    vexcu  1.57840571183E+00 -5.76854508710E-01 -7.49544456018E-01
 iter,total energy,gnrm     6  -1.29080716165267795E+00  2.22E-02
 DIIS wgts:    2.61E-02  9.09E-02 -2.02E-01 -1.94E-01  1.77E-01  1.10E+00 -9.65E-05
 Orthogonalization... done.
 ---------------------------------------------------------------------------- iter= 7
 Calculation of charge density... done. Total electronic charge=       3.999999999579
 PSolver, free  BC, dimensions:   105  105  127   proc    2 ... done.
 Hamiltonian application... done,  orthoconstraint... done,  preconditioning... done.
 ekin_sum,epot_sum,eproj_sum  5.12958693739E-01 -1.29549380600E+00  1.91805458810E-01
    ehart,   eexcu,    vexcu  1.58000721120E+00 -5.77174153536E-01 -7.49965437654E-01
 iter,total energy,gnrm     7  -1.29237596613198980E+00  2.03E-02
 DIIS wgts:   -3.27E-03 -4.51E-02  1.25E-01 -8.58E-02 -3.26E-02  1.04E+00 -9.93E-05
 Orthogonalization... done.
 ---------------------------------------------------------------------------- iter= 8
 Calculation of charge density... done. Total electronic charge=       3.999999999574
 PSolver, free  BC, dimensions:   105  105  127   proc    2 ... done.
 Hamiltonian application... done,  orthoconstraint... done,  preconditioning... done.
 ekin_sum,epot_sum,eproj_sum  5.21733946000E-01 -1.29691547294E+00  1.85158032049E-01
    ehart,   eexcu,    vexcu  1.58175794598E+00 -5.77622424382E-01 -7.50552194343E-01
 iter,total energy,gnrm     8  -1.29328205650956662E+00  1.94E-02
 DIIS wgts:    5.27E-02 -1.58E-01  1.48E-01  5.22E-01 -4.03E+00  4.46E+00 -8.81E-05
 Orthogonalization... done.
 ---------------------------------------------------------------------------- iter= 9
 Calculation of charge density... done. Total electronic charge=       3.999999999528
 PSolver, free  BC, dimensions:   105  105  127   proc    2 ... done.
 Hamiltonian application... done,  orthoconstraint... done,  preconditioning... done.
 ekin_sum,epot_sum,eproj_sum  5.55978772089E-01 -1.30339716092E+00  1.60012721901E-01
    ehart,   eexcu,    vexcu  1.58762824299E+00 -5.79098543850E-01 -7.52483603441E-01
 iter,total energy,gnrm     9  -1.29607923592717245E+00  2.05E-02
 DIIS wgts:   -1.89E-01 -4.45E-01  2.87E+00 -1.88E+00 -3.75E+00  4.39E+00 -5.61E-05
 Orthogonalization... done.
 --------------------------------------------------------------------------- iter= 10
 Calculation of charge density... done. Total electronic charge=       3.999999999368
 PSolver, free  BC, dimensions:   105  105  127   proc    2 ... done.
 Hamiltonian application... done,  orthoconstraint... done,  preconditioning... done.
 ekin_sum,epot_sum,eproj_sum  7.00368953870E-01 -1.32953084462E+00  5.36397232059E-02
    ehart,   eexcu,    vexcu  1.60729853152E+00 -5.84598907142E-01 -7.59678921720E-01
 iter,total energy,gnrm    10  -1.30217107008005306E+00  1.56E-02
 DIIS wgts:   -3.78E-01  1.17E+00 -9.18E-01  5.77E-02 -7.39E-01  1.81E+00 -3.50E-05
 Orthogonalization... done.
 --------------------------------------------------------------------------- iter= 11
 Calculation of charge density... done. Total electronic charge=       3.999999999239
 PSolver, free  BC, dimensions:   105  105  127   proc    2 ... done.
 Hamiltonian application... done,  orthoconstraint... done,  preconditioning... done.
 ekin_sum,epot_sum,eproj_sum  8.69161800702E-01 -1.35993776812E+00 -7.23667032360E-02
    ehart,   eexcu,    vexcu  1.62467947141E+00 -5.90359298412E-01 -7.67217598353E-01
 iter,total energy,gnrm    11  -1.30539422771482383E+00  9.26E-03
 DIIS wgts:    2.23E-01 -1.17E+00  1.62E+00 -1.35E-01 -2.01E+00  2.48E+00 -1.88E-05
 Orthogonalization... done.
 --------------------------------------------------------------------------- iter= 12
 Calculation of charge density... done. Total electronic charge=       3.999999999109
 PSolver, free  BC, dimensions:   105  105  127   proc    2 ... done.
 Hamiltonian application... done,  orthoconstraint... done,  preconditioning... done.
 ekin_sum,epot_sum,eproj_sum  1.00036287864E+00 -1.38314231394E+00 -1.73702119764E-01
    ehart,   eexcu,    vexcu  1.63368439212E+00 -5.93760624605E-01 -7.71675681538E-01
 iter,total energy,gnrm    12  -1.30668127586135152E+00  6.45E-03
 DIIS wgts:   -5.58E-01  7.57E-01 -2.75E-01 -2.95E-01 -1.96E-02  1.39E+00 -6.61E-06
 Orthogonalization... done.
 --------------------------------------------------------------------------- iter= 13
 Calculation of charge density... done. Total electronic charge=       3.999999998949
 PSolver, free  BC, dimensions:   105  105  127   proc    2 ... done.
 Hamiltonian application... done,  orthoconstraint... done,  preconditioning... done.
 ekin_sum,epot_sum,eproj_sum  1.16437692661E+00 -1.41227575195E+00 -2.96362495476E-01
    ehart,   eexcu,    vexcu  1.64842493336E+00 -5.99864498658E-01 -7.79669051902E-01
 iter,total energy,gnrm    13  -1.30731208652987463E+00  3.64E-03
 DIIS wgts:   -6.11E-02 -3.06E-01  1.23E+00 -1.31E+00  3.96E-01  1.04E+00 -4.36E-06
 Orthogonalization... done.
 --------------------------------------------------------------------------- iter= 14
 Calculation of charge density... done. Total electronic charge=       3.999999998961
 PSolver, free  BC, dimensions:   105  105  127   proc    2 ... done.
 Hamiltonian application... done,  orthoconstraint... done,  preconditioning... done.
 ekin_sum,epot_sum,eproj_sum  1.14569311409E+00 -1.40849863436E+00 -2.83477516600E-01
    ehart,   eexcu,    vexcu  1.64604232110E+00 -5.98677894989E-01 -7.78117272040E-01
 iter,total energy,gnrm    14  -1.30731636651960215E+00  3.72E-03
 DIIS wgts:   -2.51E-01  6.46E-01 -6.42E-01  2.49E-01  6.71E-02  9.31E-01 -3.76E-06
 Orthogonalization... done.
 --------------------------------------------------------------------------- iter= 15
 Calculation of charge density... done. Total electronic charge=       3.999999998943
 PSolver, free  BC, dimensions:   105  105  127   proc    2 ... done.
 Hamiltonian application... done,  orthoconstraint... done,  preconditioning... done.
 ekin_sum,epot_sum,eproj_sum  1.16453405737E+00 -1.41185248497E+00 -2.97510372146E-01
    ehart,   eexcu,    vexcu  1.64774976393E+00 -5.99340362255E-01 -7.78984871820E-01
 iter,total energy,gnrm    15  -1.30736443972006566E+00  3.16E-03
 DIIS wgts:   -8.80E-02 -4.28E-02  4.35E-01 -6.77E-01 -7.79E-01  2.15E+00 -3.65E-06
 Orthogonalization... done.
 --------------------------------------------------------------------------- iter= 16
 Calculation of charge density... done. Total electronic charge=       3.999999998937
 PSolver, free  BC, dimensions:   105  105  127   proc    2 ... done.
 Hamiltonian application... done,  orthoconstraint... done,  preconditioning... done.
 ekin_sum,epot_sum,eproj_sum  1.17086796597E+00 -1.41282990277E+00 -3.02748085143E-01
    ehart,   eexcu,    vexcu  1.64788968746E+00 -5.99238320540E-01 -7.78851831512E-01
 iter,total energy,gnrm    16  -1.30741658403644823E+00  2.79E-03
 DIIS wgts:    9.39E-02  1.22E-01  8.32E-02 -1.77E+00 -6.64E-01  3.13E+00 -3.29E-06
 Orthogonalization... done.
 --------------------------------------------------------------------------- iter= 17
 Calculation of charge density... done. Total electronic charge=       3.999999998940
 PSolver, free  BC, dimensions:   105  105  127   proc    2 ... done.
 Hamiltonian application... done,  orthoconstraint... done,  preconditioning... done.
 ekin_sum,epot_sum,eproj_sum  1.16816313655E+00 -1.41205297025E+00 -3.01176740835E-01
    ehart,   eexcu,    vexcu  1.64741763856E+00 -5.98528616357E-01 -7.77922009219E-01
 iter,total energy,gnrm    17  -1.30752120583241704E+00  2.91E-03
 DIIS wgts:   -5.66E-01  1.35E+00  6.47E-01 -7.17E-01 -4.34E+00  4.63E+00 -1.92E-06
 Orthogonalization... done.
 --------------------------------------------------------------------------- iter= 18
 Calculation of charge density... done. Total electronic charge=       3.999999998864
 PSolver, free  BC, dimensions:   105  105  127   proc    2 ... done.
 Hamiltonian application... done,  orthoconstraint... done,  preconditioning... done.
 ekin_sum,epot_sum,eproj_sum  1.24716760343E+00 -1.42530847918E+00 -3.60293818205E-01
    ehart,   eexcu,    vexcu  1.65491674801E+00 -6.00360890497E-01 -7.80316569711E-01
 iter,total energy,gnrm    18  -1.30782614835286259E+00  2.95E-03
 DIIS wgts:   -1.82E-02  6.91E-01 -8.84E-01 -2.81E-01  5.29E-02  1.44E+00 -9.32E-07
 Orthogonalization... done.
 --------------------------------------------------------------------------- iter= 19
 Calculation of charge density... done. Total electronic charge=       3.999999998842
 PSolver, free  BC, dimensions:   105  105  127   proc    2 ... done.
 Hamiltonian application... done,  orthoconstraint... done,  preconditioning... done.
 ekin_sum,epot_sum,eproj_sum  1.27308997794E+00 -1.42941835008E+00 -3.79942188321E-01
    ehart,   eexcu,    vexcu  1.65721873385E+00 -6.00571815325E-01 -7.80589945688E-01
 iter,total energy,gnrm    19  -1.30790154954344984E+00  7.65E-04
 DIIS wgts:   -8.08E-02 -8.30E-01  2.02E+00 -8.33E-01 -1.83E+00  2.56E+00 -3.34E-07
 Orthogonalization... done.
 --------------------------------------------------------------------------- iter= 20
 Calculation of charge density... done. Total electronic charge=       3.999999998817
 PSolver, free  BC, dimensions:   105  105  127   proc    2 ... done.
 Hamiltonian application... done,  orthoconstraint... done,  preconditioning... done.
 ekin_sum,epot_sum,eproj_sum  1.29985911440E+00 -1.43385544077E+00 -4.00401287215E-01
    ehart,   eexcu,    vexcu  1.65923838287E+00 -6.00996225496E-01 -7.81144207119E-01
 iter,total energy,gnrm    20  -1.30791840043271512E+00  9.45E-04
 DIIS wgts:    3.91E-01 -4.42E-01  2.20E-02  3.37E-01 -6.13E-01  1.31E+00 -4.95E-08
 Orthogonalization... done.
 --------------------------------------------------------------------------- iter= 21
 Calculation of charge density... done. Total electronic charge=       3.999999998819
 PSolver, free  BC, dimensions:   105  105  127   proc    2 ... done.
 Hamiltonian application... done,  orthoconstraint... done,  preconditioning... done.
 ekin_sum,epot_sum,eproj_sum  1.29864204334E+00 -1.43372670479E+00 -3.99388082730E-01
    ehart,   eexcu,    vexcu  1.65917830794E+00 -6.01043652447E-01 -7.81206484105E-01
 iter,total energy,gnrm    21  -1.30791860606303501E+00  2.55E-04
 DIIS wgts:   -1.02E-01  3.99E-02  1.37E-01 -1.84E-01 -3.16E-01  1.43E+00 -1.20E-08
 Orthogonalization... done.
 --------------------------------------------------------------------------- iter= 22
 Calculation of charge density... done. Total electronic charge=       3.999999998813
 PSolver, free  BC, dimensions:   105  105  127   proc    2 ... done.
 Hamiltonian application... done,  orthoconstraint... done,  preconditioning... done.
 ekin_sum,epot_sum,eproj_sum  1.30485361330E+00 -1.43476604488E+00 -4.03992318222E-01
    ehart,   eexcu,    vexcu  1.65980260806E+00 -6.01226483953E-01 -7.81445474766E-01
 iter,total energy,gnrm    22  -1.30791875265224422E+00  1.02E-04
 DIIS wgts:    6.20E-02 -1.18E-01  6.39E-02 -1.66E-01  6.39E-02  1.09E+00 -2.98E-09
 Orthogonalization... done.
 --------------------------------------------------------------------------- iter= 23
 Calculation of charge density... done. Total electronic charge=       3.999999998817
 PSolver, free  BC, dimensions:   105  105  127   proc    2 ... done.
 Hamiltonian application... done,  orthoconstraint... done,  preconditioning... done.
 ekin_sum,epot_sum,eproj_sum  1.30087844552E+00 -1.43410246986E+00 -4.01039026436E-01
    ehart,   eexcu,    vexcu  1.65940292985E+00 -6.01091670486E-01 -7.81269151359E-01
 iter,total energy,gnrm    23  -1.30791888534958090E+00  5.37E-05
 DIIS wgts:   -3.08E-02  7.60E-02 -5.69E-03 -2.63E-01  1.11E-01  1.11E+00 -4.74E-10
 Orthogonalization... done.
 --------------------------------------------------------------------------- iter= 24
 Calculation of charge density... done. Total electronic charge=       3.999999998816
 PSolver, free  BC, dimensions:   105  105  127   proc    2 ... done.
 Hamiltonian application... done. 24 minimization iterations required
 --------------------------------------------------- End of Wavefunction Optimisation
 final  ekin,  epot,  eproj   1.30153029268E+00 -1.43420262991E+00 -4.01508584242E-01
 final ehart, eexcu,  vexcu   1.65949004868E+00 -6.01108132229E-01 -7.81290590312E-01
 FINAL iter,total energy,gnrm    24  -1.30791889766906233E+00  5.37E-05
 --------------------------------------- Kohn-Sham Eigenvalues and Occupation Numbers
 e(   1)= -1.67645194574550E-01 2.0000
 e(   2)= -9.94452661609777E-02 2.0000
 ----------------------------------------------------------------- Forces Calculation
 Calculation of charge density... done. Total electronic charge=       3.999999998816
 PSolver, free  BC, dimensions:   105  105  127   proc    2 ... done.
 Calculate local forces...done. Leaked force:  0.00000E+00
 Calculate nonlocal forces... done.
 average noise along x direction:   1.12733672E-04
 average noise along y direction:   1.12733672E-04
 average noise along z direction:   8.80861760E-05
 total average noise            :   1.82145371E-04
 clean forces norm (Ha/Bohr): maxval=  3.376239901514E-02  fnrm2=  2.279799174515E-03
 raw forces:                  maxval=  3.382484457924E-02  fnrm2=  2.279832511501E-03
 CPU time/ELAPSED time for root process     0        28.68        52.08
 Final values of the Forces for each atom
     1     Ca -9.31736E-21 -2.54110E-21 -3.37624E-02
     2     Ca -7.62330E-21 -1.69407E-21  3.37624E-02
 -------------------------MEMORY CONSUMPTION REPORT-----------------------------
 5801 allocations and 5801 deallocations, remaining memory(B): 0
 memory occupation peak: 87 MB
 for the array  zt in the routine G_Poisson_Solver
