                             TTTT         F       DDDDD    
                            T    T               D         
                           T     T        F     D          
                           T    T         F     D        D 
                           TTTTT          F     D         D
                           T    T         F     D         D
                           T     T        F     D         D
                           T      T       F     D         D
                           T     T     FFFF     D         D
                           T TTTT         F      D        D
                           T             F        D      D 
                       TTTTTTTTT    FFFFF          DDDDDD  
                         gggggg          iiiii    BBBBBBBBB
                        g      g        i             B    
                       g        g      i         BBBB B    
                       g         g     iiii     B     B    
                       g         g     i       B      B    
                       g         g     i        B     B    
                       g         g     i         B    B    
                       g         g     i          BBBBB    
                        g        g     i         B    B    
                                 g     i        B     B    
                                g               B    B     
                           ggggg       i         BBBB                 (Ver 1.4-dev.4)
 ------------------------------------------------------------------------------------
 |              Daubechies Wavelets for DFT Pseudopotential Calculations            |
 ------------------------------------------------------------------------------------
                                   The Journal of Chemical Physics 129, 014109 (2008)
 Number of atoms     =     2
 Number of atom types=     1
 Atoms of type 1 are H
 Spin-polarised calculation: YES (Collinear)

 =F=> Check if the file "frequencies.res" is present.
 =F=> No "frequencies.res" file present.
 =F=> There are     0 moves already calculated over    12 frequencies.

 ===================== BigDFT Wavefunction Optimization =============== inputPsiId= 0
 ------------------------------------------------------------------- Input Parameters
     System Choice       Resolution Radii        SCF Iteration      Finite Size Corr.
 Max. hgrid  =  0.450 |  Coarse Wfs.= 5.00 | Wavefns Conv.= 1.0E-04 | Calculate=   F
        XC id=      1 |    Fine Wfs.= 8.00 | Max. N. Iter.=   50x 1 | Extension= 0.0
 total charge=      0 |                    | CG Prec.Steps=       6 |  CG Steps=  30
  elec. field=0.0E+00 |                    | DIIS Hist. N.=       6
 Polarisation=      0 |
 ------------------------------------------------------------------ System Properties
  Atom    N.Electr.  PSP Code  Radii: Coarse     Fine  CoarsePSP    Calculated   File
      H          1       2            1.36000  0.15000  0.00000                   X    
 ------------------------------------ Pseudopotential coefficients (Upper Triangular)
 Atom Name    rloc      C1        C2        C3        C4  
        H   0.20000  -4.06633   0.67783
 Total Number of Electrons        2
 Spin-polarized calculation
 Total Number of Orbitals         2
 occup(1:2)= 1.0000
 Shifted atomic positions, Atomic Units:                   grid spacing units:
     1      H  8.14833E+00  6.75000E+00  6.75000E+00       18.107    15.000    15.000
     2      H  6.70167E+00  6.75000E+00  6.75000E+00       14.893    15.000    15.000
    Shift of= -1.42500E+00  6.75000E+00  6.75000E+00 H grids=  0.4500  0.4500  0.4500
   Box Sizes=  1.48500E+01  1.35000E+01  1.35000E+01           33        30        30
       Extremes for the high resolution grid points:        13<20     13<17     13<17
 wavelet localization is ON
 ------------------------------------------------- Wavefunctions Descriptors Creation
 Coarse resolution grid: Number of segments=        717 points=     16762
   Fine resolution grid: Number of segments=         21 points=       144
 ------------------------------------------------------------ PSP Projectors Creation
 Type    Name Number of atoms Number of projectors
    1       H               2                    0
                                            ------   On-the-fly projectors application
 Total number of projectors =                    0
 Total number of components =                    0
 Percent of zero components =                    0
 Wavefunctions memory occupation for root processor (Bytes): 284320
 ion-ion interaction energy  6.91246246551011E-01
 ----------------------------------------------------------- Ionic Potential Creation
 total ionic charge, leaked charge            -2.000001495710   0.000E+00
 PSolver, free  BC, dimensions:    97   91   91   proc    1   ixc:      0 ... done.
 ------------------------------------------------------- Input Wavefunctions Creation
 Generating 4 Atomic Input Orbitals
 Wavefunctions memory occupation for root processor (Bytes): 0
 Wavefunctions memory occupation for root processor (Bytes): 568640
 Deviation from normalization of the imported orbitals    1.62E-06
 PSolver, free  BC, dimensions:    97   91   91   proc    1   ixc:      1 ... done.
 ekin_sum,epot_sum,eproj_sum  1.83027081160E+00 -2.11247987499E+00  0.00000000000E+00
    ehart,   eexcu,    vexcu  1.48585621361E+00 -8.25718029436E-01 -1.08636549763E+00
 evale(   1,u)= -2.27740859598808E-01  <-Last->  evale(   1,d)= -2.27731729727210E-01
 evale(   2,u)=  4.96218718821727E-01            evale(   2,d)=  4.96211017657130E-01
 iter,total energy,gnrm     1  -1.02716489510677822E+00  2.41E-01
 iter,total energy,gnrm     2  -1.12641797720133918E+00  1.29E-01
 iter,total energy,gnrm     3  -1.13322887761217994E+00  4.59E-02
 iter,total energy,gnrm     4  -1.13532020677128531E+00  2.83E-02
 iter,total energy,gnrm     5  -1.13682597225025650E+00  1.23E-02
 iter,total energy,gnrm     6  -1.13691624260288582E+00  1.95E-03
 iter,total energy,gnrm     7  -1.13691726035469554E+00  4.45E-04
 iter,total energy,gnrm     8  -1.13691730845774086E+00  9.26E-05
 --------------------------------------------------- End of Wavefunction Optimisation
 final  ekin,  epot,  eproj   1.07939255797E+00 -1.82392899142E+00  0.00000000000E+00
 final ehart, eexcu,  vexcu   1.28114605742E+00 -6.45403231391E-01 -8.42922165339E-01
 FINAL iter,total energy,gnrm     9  -1.13691731037993038E+00  9.26E-05
 -------------------------------------------------------------- Kohn-Sham Eigenvalues
 eval(   1,u)= -3.72269089147927E-01              eval(   1,d)= -3.72267344305977E-01
 ----------------------------------------------------------------- Forces Calculation
 CPU time/ELAPSED time for root process     0        10.94        10.86
 Wavefunction Optimization Finished, exit signal=    0
 Final values of the Forces for each atom
     1      H -8.25708E-04  1.50677E-04  1.50677E-04
     2      H  1.08095E-03  1.64649E-04  1.64649E-04
 the sum of the forces is
      x direction     2.55237901E-04
      y direction     3.15325544E-04
      z direction     3.15325544E-04

 =Frequencies calculation ===========================================================
 =F Move the atom 1 in the direction -1*x by    -7.0312500000E-03 bohr
 ===================== BigDFT Wavefunction Optimization =============== inputPsiId= 1
 ------------------------------------------------------------------- Input Parameters
     System Choice       Resolution Radii        SCF Iteration      Finite Size Corr.
 Max. hgrid  =  0.450 |  Coarse Wfs.= 5.00 | Wavefns Conv.= 1.0E-04 | Calculate=   F
        XC id=      1 |    Fine Wfs.= 8.00 | Max. N. Iter.=   50x 1 | Extension= 0.0
 total charge=      0 |                    | CG Prec.Steps=       6 |  CG Steps=  30
  elec. field=0.0E+00 |                    | DIIS Hist. N.=       6
 Polarisation=      0 |
 ------------------------------------------------------------------ System Properties
  Atom    N.Electr.  PSP Code  Radii: Coarse     Fine  CoarsePSP    Calculated   File
      H          1       2            1.36000  0.15000  0.00000                   X    
 ------------------------------------ Pseudopotential coefficients (Upper Triangular)
 Atom Name    rloc      C1        C2        C3        C4  
        H   0.20000  -4.06633   0.67783
 Total Number of Electrons        2
 Spin-polarized calculation
 Total Number of Orbitals         2
 occup(1:2)= 1.0000
 Shifted atomic positions, Atomic Units:                   grid spacing units:
     1      H  8.14482E+00  6.75000E+00  6.75000E+00       18.100    15.000    15.000
     2      H  6.70518E+00  6.75000E+00  6.75000E+00       14.900    15.000    15.000
    Shift of=  3.51562E-03 -0.00000E+00 -0.00000E+00 H grids=  0.4500  0.4500  0.4500
   Box Sizes=  1.48500E+01  1.35000E+01  1.35000E+01           33        30        30
       Extremes for the high resolution grid points:        13<20     13<17     13<17
 wavelet localization is ON
 ------------------------------------------------- Wavefunctions Descriptors Creation
 Coarse resolution grid: Number of segments=        717 points=     16762
   Fine resolution grid: Number of segments=         21 points=       144
 ------------------------------------------------------------ PSP Projectors Creation
 Type    Name Number of atoms Number of projectors
    1       H               2                    0
                                            ------   On-the-fly projectors application
 Total number of projectors =                    0
 Total number of components =                    0
 Percent of zero components =                    0
 Wavefunctions memory occupation for root processor (Bytes): 284320
 ion-ion interaction energy  6.94622336979816E-01
 ----------------------------------------------------------- Ionic Potential Creation
 total ionic charge, leaked charge            -2.000001559448   0.000E+00
 PSolver, free  BC, dimensions:    97   91   91   proc    1   ixc:      0 ... done.
 -------------------------------------------------------------- Wavefunctions Restart
 The wavefunctions need reformatting because:                                 
    molecule was shifted   2.471923828125E-05 0.000000000000E+00 0.000000000000E+00
 Reformatting... done.
 iter,total energy,gnrm     1  -1.13689474395865786E+00  8.83E-03
 iter,total energy,gnrm     2  -1.13691452815413729E+00  1.93E-03
 iter,total energy,gnrm     3  -1.13691563055172140E+00  2.32E-04
 iter,total energy,gnrm     4  -1.13691563694046693E+00  2.52E-05
 --------------------------------------------------- End of Wavefunction Optimisation
 final  ekin,  epot,  eproj   1.08271796900E+00 -1.82852933650E+00  0.00000000000E+00
 final ehart, eexcu,  vexcu   1.28358325183E+00 -6.46468530783E-01 -8.44325176029E-01
 FINAL iter,total energy,gnrm     5  -1.13691563711063859E+00  2.52E-05
 -------------------------------------------------------------- Kohn-Sham Eigenvalues
 eval(   1,u)= -3.72905718983621E-01              eval(   1,d)= -3.72905648523187E-01
 ----------------------------------------------------------------- Forces Calculation
 CPU time/ELAPSED time for root process     0         5.85         5.80
 =F =================================================================================

 =F Move the atom 1 in the direction  1*x by     7.0312500000E-03 bohr
 ===================== BigDFT Wavefunction Optimization =============== inputPsiId= 1
 ------------------------------------------------------------------- Input Parameters
     System Choice       Resolution Radii        SCF Iteration      Finite Size Corr.
 Max. hgrid  =  0.450 |  Coarse Wfs.= 5.00 | Wavefns Conv.= 1.0E-04 | Calculate=   F
        XC id=      1 |    Fine Wfs.= 8.00 | Max. N. Iter.=   50x 1 | Extension= 0.0
 total charge=      0 |                    | CG Prec.Steps=       6 |  CG Steps=  30
  elec. field=0.0E+00 |                    | DIIS Hist. N.=       6
 Polarisation=      0 |
 ------------------------------------------------------------------ System Properties
  Atom    N.Electr.  PSP Code  Radii: Coarse     Fine  CoarsePSP    Calculated   File
      H          1       2            1.36000  0.15000  0.00000                   X    
 ------------------------------------ Pseudopotential coefficients (Upper Triangular)
 Atom Name    rloc      C1        C2        C3        C4  
        H   0.20000  -4.06633   0.67783
 Total Number of Electrons        2
 Spin-polarized calculation
 Total Number of Orbitals         2
 occup(1:2)= 1.0000
 Shifted atomic positions, Atomic Units:                   grid spacing units:
     1      H  8.15185E+00  6.75000E+00  6.75000E+00       18.115    15.000    15.000
     2      H  6.69815E+00  6.75000E+00  6.75000E+00       14.885    15.000    15.000
    Shift of= -3.51563E-03 -0.00000E+00 -0.00000E+00 H grids=  0.4500  0.4500  0.4500
   Box Sizes=  1.48500E+01  1.35000E+01  1.35000E+01           33        30        30
       Extremes for the high resolution grid points:        13<20     13<17     13<17
 wavelet localization is ON
 ------------------------------------------------- Wavefunctions Descriptors Creation
 Coarse resolution grid: Number of segments=        717 points=     16762
   Fine resolution grid: Number of segments=         21 points=       144
 ------------------------------------------------------------ PSP Projectors Creation
 Type    Name Number of atoms Number of projectors
    1       H               2                    0
                                            ------   On-the-fly projectors application
 Total number of projectors =                    0
 Total number of components =                    0
 Percent of zero components =                    0
 Wavefunctions memory occupation for root processor (Bytes): 284320
 ion-ion interaction energy  6.87902815183132E-01
 ----------------------------------------------------------- Ionic Potential Creation
 total ionic charge, leaked charge            -2.000001430549   0.000E+00
 PSolver, free  BC, dimensions:    97   91   91   proc    1   ixc:      0 ... done.
 -------------------------------------------------------------- Wavefunctions Restart
 The wavefunctions need reformatting because:                                 
    molecule was shifted   9.887695312502E-05 0.000000000000E+00 0.000000000000E+00
 Reformatting... done.
 iter,total energy,gnrm     1  -1.13681883697433506E+00  1.77E-02
 iter,total energy,gnrm     2  -1.13689795974574981E+00  3.85E-03
 iter,total energy,gnrm     3  -1.13690229748048344E+00  4.58E-04
 iter,total energy,gnrm     4  -1.13690232609323738E+00  5.43E-05
 --------------------------------------------------- End of Wavefunction Optimisation
 final  ekin,  epot,  eproj   1.07609993584E+00 -1.81936608835E+00  0.00000000000E+00
 final ehart, eexcu,  vexcu   1.27872228347E+00 -6.44344377726E-01 -8.41527671715E-01
 FINAL iter,total energy,gnrm     5  -1.13690232680357006E+00  5.43E-05
 -------------------------------------------------------------- Kohn-Sham Eigenvalues
 eval(   1,u)= -3.71633077614566E-01              eval(   1,d)= -3.71633074894125E-01
 ----------------------------------------------------------------- Forces Calculation
 CPU time/ELAPSED time for root process     0         5.83         5.80
 =F =================================================================================

 =F Move the atom 1 in the direction -1*y by    -7.0312500000E-03 bohr
 ===================== BigDFT Wavefunction Optimization =============== inputPsiId= 1
 ------------------------------------------------------------------- Input Parameters
     System Choice       Resolution Radii        SCF Iteration      Finite Size Corr.
 Max. hgrid  =  0.450 |  Coarse Wfs.= 5.00 | Wavefns Conv.= 1.0E-04 | Calculate=   F
        XC id=      1 |    Fine Wfs.= 8.00 | Max. N. Iter.=   50x 1 | Extension= 0.0
 total charge=      0 |                    | CG Prec.Steps=       6 |  CG Steps=  30
  elec. field=0.0E+00 |                    | DIIS Hist. N.=       6
 Polarisation=      0 |
 ------------------------------------------------------------------ System Properties
  Atom    N.Electr.  PSP Code  Radii: Coarse     Fine  CoarsePSP    Calculated   File
      H          1       2            1.36000  0.15000  0.00000                   X    
 ------------------------------------ Pseudopotential coefficients (Upper Triangular)
 Atom Name    rloc      C1        C2        C3        C4  
        H   0.20000  -4.06633   0.67783
 Total Number of Electrons        2
 Spin-polarized calculation
 Total Number of Orbitals         2
 occup(1:2)= 1.0000
 Shifted atomic positions, Atomic Units:                   grid spacing units:
     1      H  8.14833E+00  6.74648E+00  6.75000E+00       18.107    14.992    15.000
     2      H  6.70167E+00  6.75352E+00  6.75000E+00       14.893    15.008    15.000
    Shift of= -8.88178E-16  3.51562E-03 -0.00000E+00 H grids=  0.4500  0.4500  0.4500
   Box Sizes=  1.48500E+01  1.35000E+01  1.35000E+01           33        30        30
       Extremes for the high resolution grid points:        13<20     13<17     13<17
 wavelet localization is ON
 ------------------------------------------------- Wavefunctions Descriptors Creation
 Coarse resolution grid: Number of segments=        717 points=     16762
   Fine resolution grid: Number of segments=         21 points=       144
 ------------------------------------------------------------ PSP Projectors Creation
 Type    Name Number of atoms Number of projectors
    1       H               2                    0
                                            ------   On-the-fly projectors application
 Total number of projectors =                    0
 Total number of components =                    0
 Percent of zero components =                    0
 Wavefunctions memory occupation for root processor (Bytes): 284320
 ion-ion interaction energy  6.91238082123304E-01
 ----------------------------------------------------------- Ionic Potential Creation
 total ionic charge, leaked charge            -2.000001492465   0.000E+00
 PSolver, free  BC, dimensions:    97   91   91   proc    1   ixc:      0 ... done.
 -------------------------------------------------------------- Wavefunctions Restart
 The wavefunctions need reformatting because:                                 
    molecule was shifted   2.471923828127E-05 2.471923828125E-05 0.000000000000E+00
 Reformatting... done.
 iter,total energy,gnrm     1  -1.13688517402035294E+00  1.20E-02
 iter,total energy,gnrm     2  -1.13691531694298864E+00  2.49E-03
 iter,total energy,gnrm     3  -1.13691704665582627E+00  2.88E-04
 iter,total energy,gnrm     4  -1.13691705951344013E+00  4.54E-05
 --------------------------------------------------- End of Wavefunction Optimisation
 final  ekin,  epot,  eproj   1.07938702826E+00 -1.82391894872E+00  0.00000000000E+00
 final ehart, eexcu,  vexcu   1.28114153708E+00 -6.45401277520E-01 -8.42919592991E-01
 FINAL iter,total energy,gnrm     5  -1.13691705994539971E+00  4.54E-05
 -------------------------------------------------------------- Kohn-Sham Eigenvalues
 eval(   1,u)= -3.72265960287089E-01              eval(   1,d)= -3.72265960173386E-01
 ----------------------------------------------------------------- Forces Calculation
 CPU time/ELAPSED time for root process     0         5.84         5.83
 =F =================================================================================

 =F Move the atom 1 in the direction  1*y by     7.0312500000E-03 bohr
 ===================== BigDFT Wavefunction Optimization =============== inputPsiId= 1
 ------------------------------------------------------------------- Input Parameters
     System Choice       Resolution Radii        SCF Iteration      Finite Size Corr.
 Max. hgrid  =  0.450 |  Coarse Wfs.= 5.00 | Wavefns Conv.= 1.0E-04 | Calculate=   F
        XC id=      1 |    Fine Wfs.= 8.00 | Max. N. Iter.=   50x 1 | Extension= 0.0
 total charge=      0 |                    | CG Prec.Steps=       6 |  CG Steps=  30
  elec. field=0.0E+00 |                    | DIIS Hist. N.=       6
 Polarisation=      0 |
 ------------------------------------------------------------------ System Properties
  Atom    N.Electr.  PSP Code  Radii: Coarse     Fine  CoarsePSP    Calculated   File
      H          1       2            1.36000  0.15000  0.00000                   X    
 ------------------------------------ Pseudopotential coefficients (Upper Triangular)
 Atom Name    rloc      C1        C2        C3        C4  
        H   0.20000  -4.06633   0.67783
 Total Number of Electrons        2
 Spin-polarized calculation
 Total Number of Orbitals         2
 occup(1:2)= 1.0000
 Shifted atomic positions, Atomic Units:                   grid spacing units:
     1      H  8.14833E+00  6.75352E+00  6.75000E+00       18.107    15.008    15.000
     2      H  6.70167E+00  6.74648E+00  6.75000E+00       14.893    14.992    15.000
    Shift of= -8.88178E-16 -3.51563E-03 -0.00000E+00 H grids=  0.4500  0.4500  0.4500
   Box Sizes=  1.48500E+01  1.35000E+01  1.35000E+01           33        30        30
       Extremes for the high resolution grid points:        13<20     13<17     13<17
 wavelet localization is ON
 ------------------------------------------------- Wavefunctions Descriptors Creation
 Coarse resolution grid: Number of segments=        717 points=     16762
   Fine resolution grid: Number of segments=         21 points=       144
 ------------------------------------------------------------ PSP Projectors Creation
 Type    Name Number of atoms Number of projectors
    1       H               2                    0
                                            ------   On-the-fly projectors application
 Total number of projectors =                    0
 Total number of components =                    0
 Percent of zero components =                    0
 Wavefunctions memory occupation for root processor (Bytes): 284320
 ion-ion interaction energy  6.91238082123304E-01
 ----------------------------------------------------------- Ionic Potential Creation
 total ionic charge, leaked charge            -2.000001492465   0.000E+00
 PSolver, free  BC, dimensions:    97   91   91   proc    1   ixc:      0 ... done.
 -------------------------------------------------------------- Wavefunctions Restart
 The wavefunctions need reformatting because:                                 
    molecule was shifted   0.000000000000E+00 9.887695312500E-05 0.000000000000E+00
 Reformatting... done.
 iter,total energy,gnrm     1  -1.13687231831107138E+00  1.62E-02
 iter,total energy,gnrm     2  -1.13691440325196180E+00  3.10E-03
 iter,total energy,gnrm     3  -1.13691693501489222E+00  4.02E-04
 iter,total energy,gnrm     4  -1.13691696008441734E+00  1.01E-04
 iter,total energy,gnrm     5  -1.13691696090327454E+00  6.14E-06
 --------------------------------------------------- End of Wavefunction Optimisation
 final  ekin,  epot,  eproj   1.07938651659E+00 -1.82391849900E+00  0.00000000000E+00
 final ehart, eexcu,  vexcu   1.28114134738E+00 -6.45401186592E-01 -8.42919473340E-01
 FINAL iter,total energy,gnrm     6  -1.13691696091523498E+00  6.14E-06
 -------------------------------------------------------------- Kohn-Sham Eigenvalues
 eval(   1,u)= -3.72265991202911E-01              eval(   1,d)= -3.72265991207428E-01
 ----------------------------------------------------------------- Forces Calculation
 CPU time/ELAPSED time for root process     0         6.66         6.65
 =F =================================================================================

 =F Move the atom 1 in the direction -1*z by    -7.0312500000E-03 bohr
 ===================== BigDFT Wavefunction Optimization =============== inputPsiId= 1
 ------------------------------------------------------------------- Input Parameters
     System Choice       Resolution Radii        SCF Iteration      Finite Size Corr.
 Max. hgrid  =  0.450 |  Coarse Wfs.= 5.00 | Wavefns Conv.= 1.0E-04 | Calculate=   F
        XC id=      1 |    Fine Wfs.= 8.00 | Max. N. Iter.=   50x 1 | Extension= 0.0
 total charge=      0 |                    | CG Prec.Steps=       6 |  CG Steps=  30
  elec. field=0.0E+00 |                    | DIIS Hist. N.=       6
 Polarisation=      0 |
 ------------------------------------------------------------------ System Properties
  Atom    N.Electr.  PSP Code  Radii: Coarse     Fine  CoarsePSP    Calculated   File
      H          1       2            1.36000  0.15000  0.00000                   X    
 ------------------------------------ Pseudopotential coefficients (Upper Triangular)
 Atom Name    rloc      C1        C2        C3        C4  
        H   0.20000  -4.06633   0.67783
 Total Number of Electrons        2
 Spin-polarized calculation
 Total Number of Orbitals         2
 occup(1:2)= 1.0000
 Shifted atomic positions, Atomic Units:                   grid spacing units:
     1      H  8.14833E+00  6.75000E+00  6.74648E+00       18.107    15.000    14.992
     2      H  6.70167E+00  6.75000E+00  6.75352E+00       14.893    15.000    15.008
    Shift of= -8.88178E-16 -0.00000E+00  3.51562E-03 H grids=  0.4500  0.4500  0.4500
   Box Sizes=  1.48500E+01  1.35000E+01  1.35000E+01           33        30        30
       Extremes for the high resolution grid points:        13<20     13<17     13<17
 wavelet localization is ON
 ------------------------------------------------- Wavefunctions Descriptors Creation
 Coarse resolution grid: Number of segments=        717 points=     16762
   Fine resolution grid: Number of segments=         21 points=       144
 ------------------------------------------------------------ PSP Projectors Creation
 Type    Name Number of atoms Number of projectors
    1       H               2                    0
                                            ------   On-the-fly projectors application
 Total number of projectors =                    0
 Total number of components =                    0
 Percent of zero components =                    0
 Wavefunctions memory occupation for root processor (Bytes): 284320
 ion-ion interaction energy  6.91238082123304E-01
 ----------------------------------------------------------- Ionic Potential Creation
 total ionic charge, leaked charge            -2.000001492465   0.000E+00
 PSolver, free  BC, dimensions:    97   91   91   proc    1   ixc:      0 ... done.
 -------------------------------------------------------------- Wavefunctions Restart
 The wavefunctions need reformatting because:                                 
    molecule was shifted   0.000000000000E+00 2.471923828125E-05 2.471923828125E-05
 Reformatting... done.
 iter,total energy,gnrm     1  -1.13689473862461976E+00  1.14E-02
 iter,total energy,gnrm     2  -1.13691577728114779E+00  2.20E-03
 iter,total energy,gnrm     3  -1.13691704691462925E+00  2.87E-04
 iter,total energy,gnrm     4  -1.13691705953512145E+00  7.21E-05
 --------------------------------------------------- End of Wavefunction Optimisation
 final  ekin,  epot,  eproj   1.07938679050E+00 -1.82391884413E+00  0.00000000000E+00
 final ehart, eexcu,  vexcu   1.28114138505E+00 -6.45401216950E-01 -8.42919513545E-01
 FINAL iter,total energy,gnrm     5  -1.13691705994986214E+00  7.21E-05
 -------------------------------------------------------------- Kohn-Sham Eigenvalues
 eval(   1,u)= -3.72266026810074E-01              eval(   1,d)= -3.72266026812649E-01
 ----------------------------------------------------------------- Forces Calculation
 CPU time/ELAPSED time for root process     0         5.78         5.77
 =F =================================================================================

 =F Move the atom 1 in the direction  1*z by     7.0312500000E-03 bohr
 ===================== BigDFT Wavefunction Optimization =============== inputPsiId= 1
 ------------------------------------------------------------------- Input Parameters
     System Choice       Resolution Radii        SCF Iteration      Finite Size Corr.
 Max. hgrid  =  0.450 |  Coarse Wfs.= 5.00 | Wavefns Conv.= 1.0E-04 | Calculate=   F
        XC id=      1 |    Fine Wfs.= 8.00 | Max. N. Iter.=   50x 1 | Extension= 0.0
 total charge=      0 |                    | CG Prec.Steps=       6 |  CG Steps=  30
  elec. field=0.0E+00 |                    | DIIS Hist. N.=       6
 Polarisation=      0 |
 ------------------------------------------------------------------ System Properties
  Atom    N.Electr.  PSP Code  Radii: Coarse     Fine  CoarsePSP    Calculated   File
      H          1       2            1.36000  0.15000  0.00000                   X    
 ------------------------------------ Pseudopotential coefficients (Upper Triangular)
 Atom Name    rloc      C1        C2        C3        C4  
        H   0.20000  -4.06633   0.67783
 Total Number of Electrons        2
 Spin-polarized calculation
 Total Number of Orbitals         2
 occup(1:2)= 1.0000
 Shifted atomic positions, Atomic Units:                   grid spacing units:
     1      H  8.14833E+00  6.75000E+00  6.75352E+00       18.107    15.000    15.008
     2      H  6.70167E+00  6.75000E+00  6.74648E+00       14.893    15.000    14.992
    Shift of= -8.88178E-16 -0.00000E+00 -3.51563E-03 H grids=  0.4500  0.4500  0.4500
   Box Sizes=  1.48500E+01  1.35000E+01  1.35000E+01           33        30        30
       Extremes for the high resolution grid points:        13<20     13<17     13<17
 wavelet localization is ON
 ------------------------------------------------- Wavefunctions Descriptors Creation
 Coarse resolution grid: Number of segments=        717 points=     16762
   Fine resolution grid: Number of segments=         21 points=       144
 ------------------------------------------------------------ PSP Projectors Creation
 Type    Name Number of atoms Number of projectors
    1       H               2                    0
                                            ------   On-the-fly projectors application
 Total number of projectors =                    0
 Total number of components =                    0
 Percent of zero components =                    0
 Wavefunctions memory occupation for root processor (Bytes): 284320
 ion-ion interaction energy  6.91238082123304E-01
 ----------------------------------------------------------- Ionic Potential Creation
 total ionic charge, leaked charge            -2.000001492465   0.000E+00
 PSolver, free  BC, dimensions:    97   91   91   proc    1   ixc:      0 ... done.
 -------------------------------------------------------------- Wavefunctions Restart
 The wavefunctions need reformatting because:                                 
    molecule was shifted   0.000000000000E+00 0.000000000000E+00 9.887695312500E-05
 Reformatting... done.
 iter,total energy,gnrm     1  -1.13687230837296216E+00  1.62E-02
 iter,total energy,gnrm     2  -1.13691440284506373E+00  3.10E-03
 iter,total energy,gnrm     3  -1.13691693501457336E+00  4.02E-04
 iter,total energy,gnrm     4  -1.13691696008408605E+00  1.01E-04
 iter,total energy,gnrm     5  -1.13691696090324945E+00  6.16E-06
 --------------------------------------------------- End of Wavefunction Optimisation
 final  ekin,  epot,  eproj   1.07938651667E+00 -1.82391849901E+00  0.00000000000E+00
 final ehart, eexcu,  vexcu   1.28114134746E+00 -6.45401186630E-01 -8.42919473390E-01
 FINAL iter,total energy,gnrm     6  -1.13691696091523053E+00  6.16E-06
 -------------------------------------------------------------- Kohn-Sham Eigenvalues
 eval(   1,u)= -3.72265991167308E-01              eval(   1,d)= -3.72265991167560E-01
 ----------------------------------------------------------------- Forces Calculation
 CPU time/ELAPSED time for root process     0         6.67         6.65
 =F =================================================================================

 =F Move the atom 2 in the direction -1*x by    -7.0312500000E-03 bohr
 ===================== BigDFT Wavefunction Optimization =============== inputPsiId= 1
 ------------------------------------------------------------------- Input Parameters
     System Choice       Resolution Radii        SCF Iteration      Finite Size Corr.
 Max. hgrid  =  0.450 |  Coarse Wfs.= 5.00 | Wavefns Conv.= 1.0E-04 | Calculate=   F
        XC id=      1 |    Fine Wfs.= 8.00 | Max. N. Iter.=   50x 1 | Extension= 0.0
 total charge=      0 |                    | CG Prec.Steps=       6 |  CG Steps=  30
  elec. field=0.0E+00 |                    | DIIS Hist. N.=       6
 Polarisation=      0 |
 ------------------------------------------------------------------ System Properties
  Atom    N.Electr.  PSP Code  Radii: Coarse     Fine  CoarsePSP    Calculated   File
      H          1       2            1.36000  0.15000  0.00000                   X    
 ------------------------------------ Pseudopotential coefficients (Upper Triangular)
 Atom Name    rloc      C1        C2        C3        C4  
        H   0.20000  -4.06633   0.67783
 Total Number of Electrons        2
 Spin-polarized calculation
 Total Number of Orbitals         2
 occup(1:2)= 1.0000
 Shifted atomic positions, Atomic Units:                   grid spacing units:
     1      H  8.15185E+00  6.75000E+00  6.75000E+00       18.115    15.000    15.000
     2      H  6.69815E+00  6.75000E+00  6.75000E+00       14.885    15.000    15.000
    Shift of=  3.51562E-03 -0.00000E+00 -0.00000E+00 H grids=  0.4500  0.4500  0.4500
   Box Sizes=  1.48500E+01  1.35000E+01  1.35000E+01           33        30        30
       Extremes for the high resolution grid points:        13<20     13<17     13<17
 wavelet localization is ON
 ------------------------------------------------- Wavefunctions Descriptors Creation
 Coarse resolution grid: Number of segments=        717 points=     16762
   Fine resolution grid: Number of segments=         21 points=       144
 ------------------------------------------------------------ PSP Projectors Creation
 Type    Name Number of atoms Number of projectors
    1       H               2                    0
                                            ------   On-the-fly projectors application
 Total number of projectors =                    0
 Total number of components =                    0
 Percent of zero components =                    0
 Wavefunctions memory occupation for root processor (Bytes): 284320
 ion-ion interaction energy  6.87902815183133E-01
 ----------------------------------------------------------- Ionic Potential Creation
 total ionic charge, leaked charge            -2.000001430549   0.000E+00
 PSolver, free  BC, dimensions:    97   91   91   proc    1   ixc:      0 ... done.
 -------------------------------------------------------------- Wavefunctions Restart
 The wavefunctions need reformatting because:                                 
    molecule was shifted   2.471923828125E-05 0.000000000000E+00 2.471923828125E-05
 Reformatting... done.
 iter,total energy,gnrm     1  -1.13687039443092841E+00  1.20E-02
 iter,total energy,gnrm     2  -1.13690062180864437E+00  2.46E-03
 iter,total energy,gnrm     3  -1.13690231381663587E+00  2.69E-04
 iter,total energy,gnrm     4  -1.13690232642271827E+00  4.53E-05
 --------------------------------------------------- End of Wavefunction Optimisation
 final  ekin,  epot,  eproj   1.07610152792E+00 -1.81936719508E+00  0.00000000000E+00
 final ehart, eexcu,  vexcu   1.27872286874E+00 -6.44344694368E-01 -8.41528088261E-01
 FINAL iter,total energy,gnrm     5  -1.13690232682360026E+00  4.53E-05
 -------------------------------------------------------------- Kohn-Sham Eigenvalues
 eval(   1,u)= -3.71632833579169E-01              eval(   1,d)= -3.71632833579153E-01
 ----------------------------------------------------------------- Forces Calculation
 CPU time/ELAPSED time for root process     0         5.76         5.76
 =F =================================================================================

 =F Move the atom 2 in the direction  1*x by     7.0312500000E-03 bohr
 ===================== BigDFT Wavefunction Optimization =============== inputPsiId= 1
 ------------------------------------------------------------------- Input Parameters
     System Choice       Resolution Radii        SCF Iteration      Finite Size Corr.
 Max. hgrid  =  0.450 |  Coarse Wfs.= 5.00 | Wavefns Conv.= 1.0E-04 | Calculate=   F
        XC id=      1 |    Fine Wfs.= 8.00 | Max. N. Iter.=   50x 1 | Extension= 0.0
 total charge=      0 |                    | CG Prec.Steps=       6 |  CG Steps=  30
  elec. field=0.0E+00 |                    | DIIS Hist. N.=       6
 Polarisation=      0 |
 ------------------------------------------------------------------ System Properties
  Atom    N.Electr.  PSP Code  Radii: Coarse     Fine  CoarsePSP    Calculated   File
      H          1       2            1.36000  0.15000  0.00000                   X    
 ------------------------------------ Pseudopotential coefficients (Upper Triangular)
 Atom Name    rloc      C1        C2        C3        C4  
        H   0.20000  -4.06633   0.67783
 Total Number of Electrons        2
 Spin-polarized calculation
 Total Number of Orbitals         2
 occup(1:2)= 1.0000
 Shifted atomic positions, Atomic Units:                   grid spacing units:
     1      H  8.14482E+00  6.75000E+00  6.75000E+00       18.100    15.000    15.000
     2      H  6.70518E+00  6.75000E+00  6.75000E+00       14.900    15.000    15.000
    Shift of= -3.51563E-03 -0.00000E+00 -0.00000E+00 H grids=  0.4500  0.4500  0.4500
   Box Sizes=  1.48500E+01  1.35000E+01  1.35000E+01           33        30        30
       Extremes for the high resolution grid points:        13<20     13<17     13<17
 wavelet localization is ON
 ------------------------------------------------- Wavefunctions Descriptors Creation
 Coarse resolution grid: Number of segments=        717 points=     16762
   Fine resolution grid: Number of segments=         21 points=       144
 ------------------------------------------------------------ PSP Projectors Creation
 Type    Name Number of atoms Number of projectors
    1       H               2                    0
                                            ------   On-the-fly projectors application
 Total number of projectors =                    0
 Total number of components =                    0
 Percent of zero components =                    0
 Wavefunctions memory occupation for root processor (Bytes): 284320
 ion-ion interaction energy  6.94622336979816E-01
 ----------------------------------------------------------- Ionic Potential Creation
 total ionic charge, leaked charge            -2.000001559448   0.000E+00
 PSolver, free  BC, dimensions:    97   91   91   proc    1   ixc:      0 ... done.
 -------------------------------------------------------------- Wavefunctions Restart
 The wavefunctions need reformatting because:                                 
    molecule was shifted   9.887695312500E-05 0.000000000000E+00 0.000000000000E+00
 Reformatting... done.
 iter,total energy,gnrm     1  -1.13683238141054166E+00  1.76E-02
 iter,total energy,gnrm     2  -1.13691118927375689E+00  3.86E-03
 iter,total energy,gnrm     3  -1.13691561180011491E+00  4.65E-04
 iter,total energy,gnrm     4  -1.13691563641366167E+00  4.93E-05
 --------------------------------------------------- End of Wavefunction Optimisation
 final  ekin,  epot,  eproj   1.08271865565E+00 -1.82852983748E+00  0.00000000000E+00
 final ehart, eexcu,  vexcu   1.28358347592E+00 -6.46468652788E-01 -8.44325336464E-01
 FINAL iter,total energy,gnrm     5  -1.13691563709049070E+00  4.93E-05
 -------------------------------------------------------------- Kohn-Sham Eigenvalues
 eval(   1,u)= -3.72905590912512E-01              eval(   1,d)= -3.72905590912522E-01
 ----------------------------------------------------------------- Forces Calculation
 CPU time/ELAPSED time for root process     0         5.77         5.76
 =F =================================================================================

 =F Move the atom 2 in the direction -1*y by    -7.0312500000E-03 bohr
 ===================== BigDFT Wavefunction Optimization =============== inputPsiId= 1
 ------------------------------------------------------------------- Input Parameters
     System Choice       Resolution Radii        SCF Iteration      Finite Size Corr.
 Max. hgrid  =  0.450 |  Coarse Wfs.= 5.00 | Wavefns Conv.= 1.0E-04 | Calculate=   F
        XC id=      1 |    Fine Wfs.= 8.00 | Max. N. Iter.=   50x 1 | Extension= 0.0
 total charge=      0 |                    | CG Prec.Steps=       6 |  CG Steps=  30
  elec. field=0.0E+00 |                    | DIIS Hist. N.=       6
 Polarisation=      0 |
 ------------------------------------------------------------------ System Properties
  Atom    N.Electr.  PSP Code  Radii: Coarse     Fine  CoarsePSP    Calculated   File
      H          1       2            1.36000  0.15000  0.00000                   X    
 ------------------------------------ Pseudopotential coefficients (Upper Triangular)
 Atom Name    rloc      C1        C2        C3        C4  
        H   0.20000  -4.06633   0.67783
 Total Number of Electrons        2
 Spin-polarized calculation
 Total Number of Orbitals         2
 occup(1:2)= 1.0000
 Shifted atomic positions, Atomic Units:                   grid spacing units:
     1      H  8.14833E+00  6.75352E+00  6.75000E+00       18.107    15.008    15.000
     2      H  6.70167E+00  6.74648E+00  6.75000E+00       14.893    14.992    15.000
    Shift of= -8.88178E-16  3.51562E-03 -0.00000E+00 H grids=  0.4500  0.4500  0.4500
   Box Sizes=  1.48500E+01  1.35000E+01  1.35000E+01           33        30        30
       Extremes for the high resolution grid points:        13<20     13<17     13<17
 wavelet localization is ON
 ------------------------------------------------- Wavefunctions Descriptors Creation
 Coarse resolution grid: Number of segments=        717 points=     16762
   Fine resolution grid: Number of segments=         21 points=       144
 ------------------------------------------------------------ PSP Projectors Creation
 Type    Name Number of atoms Number of projectors
    1       H               2                    0
                                            ------   On-the-fly projectors application
 Total number of projectors =                    0
 Total number of components =                    0
 Percent of zero components =                    0
 Wavefunctions memory occupation for root processor (Bytes): 284320
 ion-ion interaction energy  6.91238082123304E-01
 ----------------------------------------------------------- Ionic Potential Creation
 total ionic charge, leaked charge            -2.000001492465   0.000E+00
 PSolver, free  BC, dimensions:    97   91   91   proc    1   ixc:      0 ... done.
 -------------------------------------------------------------- Wavefunctions Restart
 The wavefunctions need reformatting because:                                 
    molecule was shifted   2.471923828124E-05 2.471923828125E-05 0.000000000000E+00
 Reformatting... done.
 iter,total energy,gnrm     1  -1.13688483733361578E+00  1.20E-02
 iter,total energy,gnrm     2  -1.13691522637961984E+00  2.50E-03
 iter,total energy,gnrm     3  -1.13691694648393082E+00  2.85E-04
 iter,total energy,gnrm     4  -1.13691696046353852E+00  4.71E-05
 --------------------------------------------------- End of Wavefunction Optimisation
 final  ekin,  epot,  eproj   1.07938622103E+00 -1.82391832344E+00  0.00000000000E+00
 final ehart, eexcu,  vexcu   1.28114120882E+00 -6.45401127152E-01 -8.42919395366E-01
 FINAL iter,total energy,gnrm     5  -1.13691696090420247E+00  4.71E-05
 -------------------------------------------------------------- Kohn-Sham Eigenvalues
 eval(   1,u)= -3.72266051208774E-01              eval(   1,d)= -3.72266051208770E-01
 ----------------------------------------------------------------- Forces Calculation
 CPU time/ELAPSED time for root process     0         5.76         5.76
 =F =================================================================================

 =F Move the atom 2 in the direction  1*y by     7.0312500000E-03 bohr
 ===================== BigDFT Wavefunction Optimization =============== inputPsiId= 1
 ------------------------------------------------------------------- Input Parameters
     System Choice       Resolution Radii        SCF Iteration      Finite Size Corr.
 Max. hgrid  =  0.450 |  Coarse Wfs.= 5.00 | Wavefns Conv.= 1.0E-04 | Calculate=   F
        XC id=      1 |    Fine Wfs.= 8.00 | Max. N. Iter.=   50x 1 | Extension= 0.0
 total charge=      0 |                    | CG Prec.Steps=       6 |  CG Steps=  30
  elec. field=0.0E+00 |                    | DIIS Hist. N.=       6
 Polarisation=      0 |
 ------------------------------------------------------------------ System Properties
  Atom    N.Electr.  PSP Code  Radii: Coarse     Fine  CoarsePSP    Calculated   File
      H          1       2            1.36000  0.15000  0.00000                   X    
 ------------------------------------ Pseudopotential coefficients (Upper Triangular)
 Atom Name    rloc      C1        C2        C3        C4  
        H   0.20000  -4.06633   0.67783
 Total Number of Electrons        2
 Spin-polarized calculation
 Total Number of Orbitals         2
 occup(1:2)= 1.0000
 Shifted atomic positions, Atomic Units:                   grid spacing units:
     1      H  8.14833E+00  6.74648E+00  6.75000E+00       18.107    14.992    15.000
     2      H  6.70167E+00  6.75352E+00  6.75000E+00       14.893    15.008    15.000
    Shift of= -8.88178E-16 -3.51563E-03 -0.00000E+00 H grids=  0.4500  0.4500  0.4500
   Box Sizes=  1.48500E+01  1.35000E+01  1.35000E+01           33        30        30
       Extremes for the high resolution grid points:        13<20     13<17     13<17
 wavelet localization is ON
 ------------------------------------------------- Wavefunctions Descriptors Creation
 Coarse resolution grid: Number of segments=        717 points=     16762
   Fine resolution grid: Number of segments=         21 points=       144
 ------------------------------------------------------------ PSP Projectors Creation
 Type    Name Number of atoms Number of projectors
    1       H               2                    0
                                            ------   On-the-fly projectors application
 Total number of projectors =                    0
 Total number of components =                    0
 Percent of zero components =                    0
 Wavefunctions memory occupation for root processor (Bytes): 284320
 ion-ion interaction energy  6.91238082123304E-01
 ----------------------------------------------------------- Ionic Potential Creation
 total ionic charge, leaked charge            -2.000001492465   0.000E+00
 PSolver, free  BC, dimensions:    97   91   91   proc    1   ixc:      0 ... done.
 -------------------------------------------------------------- Wavefunctions Restart
 The wavefunctions need reformatting because:                                 
    molecule was shifted   0.000000000000E+00 9.887695312500E-05 0.000000000000E+00
 Reformatting... done.
 iter,total energy,gnrm     1  -1.13687241824294683E+00  1.62E-02
 iter,total energy,gnrm     2  -1.13691450252325144E+00  3.10E-03
 iter,total energy,gnrm     3  -1.13691703403270439E+00  4.02E-04
 iter,total energy,gnrm     4  -1.13691705911251906E+00  1.02E-04
 iter,total energy,gnrm     5  -1.13691705994420444E+00  6.15E-06
 --------------------------------------------------- End of Wavefunction Optimisation
 final  ekin,  epot,  eproj   1.07938678826E+00 -1.82391881284E+00  0.00000000000E+00
 final ehart, eexcu,  vexcu   1.28114141795E+00 -6.45401229408E-01 -8.42919529859E-01
 FINAL iter,total energy,gnrm     6  -1.13691705995625125E+00  6.15E-06
 -------------------------------------------------------------- Kohn-Sham Eigenvalues
 eval(   1,u)= -3.72266012291092E-01              eval(   1,d)= -3.72266012291092E-01
 ----------------------------------------------------------------- Forces Calculation
 CPU time/ELAPSED time for root process     0         6.63         6.62
 =F =================================================================================

 =F Move the atom 2 in the direction -1*z by    -7.0312500000E-03 bohr
 ===================== BigDFT Wavefunction Optimization =============== inputPsiId= 1
 ------------------------------------------------------------------- Input Parameters
     System Choice       Resolution Radii        SCF Iteration      Finite Size Corr.
 Max. hgrid  =  0.450 |  Coarse Wfs.= 5.00 | Wavefns Conv.= 1.0E-04 | Calculate=   F
        XC id=      1 |    Fine Wfs.= 8.00 | Max. N. Iter.=   50x 1 | Extension= 0.0
 total charge=      0 |                    | CG Prec.Steps=       6 |  CG Steps=  30
  elec. field=0.0E+00 |                    | DIIS Hist. N.=       6
 Polarisation=      0 |
 ------------------------------------------------------------------ System Properties
  Atom    N.Electr.  PSP Code  Radii: Coarse     Fine  CoarsePSP    Calculated   File
      H          1       2            1.36000  0.15000  0.00000                   X    
 ------------------------------------ Pseudopotential coefficients (Upper Triangular)
 Atom Name    rloc      C1        C2        C3        C4  
        H   0.20000  -4.06633   0.67783
 Total Number of Electrons        2
 Spin-polarized calculation
 Total Number of Orbitals         2
 occup(1:2)= 1.0000
 Shifted atomic positions, Atomic Units:                   grid spacing units:
     1      H  8.14833E+00  6.75000E+00  6.75352E+00       18.107    15.000    15.008
     2      H  6.70167E+00  6.75000E+00  6.74648E+00       14.893    15.000    14.992
    Shift of= -8.88178E-16 -0.00000E+00  3.51562E-03 H grids=  0.4500  0.4500  0.4500
   Box Sizes=  1.48500E+01  1.35000E+01  1.35000E+01           33        30        30
       Extremes for the high resolution grid points:        13<20     13<17     13<17
 wavelet localization is ON
 ------------------------------------------------- Wavefunctions Descriptors Creation
 Coarse resolution grid: Number of segments=        717 points=     16762
   Fine resolution grid: Number of segments=         21 points=       144
 ------------------------------------------------------------ PSP Projectors Creation
 Type    Name Number of atoms Number of projectors
    1       H               2                    0
                                            ------   On-the-fly projectors application
 Total number of projectors =                    0
 Total number of components =                    0
 Percent of zero components =                    0
 Wavefunctions memory occupation for root processor (Bytes): 284320
 ion-ion interaction energy  6.91238082123304E-01
 ----------------------------------------------------------- Ionic Potential Creation
 total ionic charge, leaked charge            -2.000001492465   0.000E+00
 PSolver, free  BC, dimensions:    97   91   91   proc    1   ixc:      0 ... done.
 -------------------------------------------------------------- Wavefunctions Restart
 The wavefunctions need reformatting because:                                 
    molecule was shifted   0.000000000000E+00 2.471923828125E-05 2.471923828125E-05
 Reformatting... done.
 iter,total energy,gnrm     1  -1.13689463951659442E+00  1.14E-02
 iter,total energy,gnrm     2  -1.13691567816959327E+00  2.20E-03
 iter,total energy,gnrm     3  -1.13691694788631881E+00  2.86E-04
 iter,total energy,gnrm     4  -1.13691696050021895E+00  7.12E-05
 --------------------------------------------------- End of Wavefunction Optimisation
 final  ekin,  epot,  eproj   1.07938652716E+00 -1.82391847925E+00  0.00000000000E+00
 final ehart, eexcu,  vexcu   1.28114138190E+00 -6.45401200030E-01 -8.42919490984E-01
 FINAL iter,total energy,gnrm     5  -1.13691696090886007E+00  7.12E-05
 -------------------------------------------------------------- Kohn-Sham Eigenvalues
 eval(   1,u)= -3.72265976044889E-01              eval(   1,d)= -3.72265976044888E-01
 ----------------------------------------------------------------- Forces Calculation
 CPU time/ELAPSED time for root process     0         5.76         5.75
 =F =================================================================================

 =F Move the atom 2 in the direction  1*z by     7.0312500000E-03 bohr
 ===================== BigDFT Wavefunction Optimization =============== inputPsiId= 1
 ------------------------------------------------------------------- Input Parameters
     System Choice       Resolution Radii        SCF Iteration      Finite Size Corr.
 Max. hgrid  =  0.450 |  Coarse Wfs.= 5.00 | Wavefns Conv.= 1.0E-04 | Calculate=   F
        XC id=      1 |    Fine Wfs.= 8.00 | Max. N. Iter.=   50x 1 | Extension= 0.0
 total charge=      0 |                    | CG Prec.Steps=       6 |  CG Steps=  30
  elec. field=0.0E+00 |                    | DIIS Hist. N.=       6
 Polarisation=      0 |
 ------------------------------------------------------------------ System Properties
  Atom    N.Electr.  PSP Code  Radii: Coarse     Fine  CoarsePSP    Calculated   File
      H          1       2            1.36000  0.15000  0.00000                   X    
 ------------------------------------ Pseudopotential coefficients (Upper Triangular)
 Atom Name    rloc      C1        C2        C3        C4  
        H   0.20000  -4.06633   0.67783
 Total Number of Electrons        2
 Spin-polarized calculation
 Total Number of Orbitals         2
 occup(1:2)= 1.0000
 Shifted atomic positions, Atomic Units:                   grid spacing units:
     1      H  8.14833E+00  6.75000E+00  6.74648E+00       18.107    15.000    14.992
     2      H  6.70167E+00  6.75000E+00  6.75352E+00       14.893    15.000    15.008
    Shift of= -8.88178E-16 -0.00000E+00 -3.51563E-03 H grids=  0.4500  0.4500  0.4500
   Box Sizes=  1.48500E+01  1.35000E+01  1.35000E+01           33        30        30
       Extremes for the high resolution grid points:        13<20     13<17     13<17
 wavelet localization is ON
 ------------------------------------------------- Wavefunctions Descriptors Creation
 Coarse resolution grid: Number of segments=        717 points=     16762
   Fine resolution grid: Number of segments=         21 points=       144
 ------------------------------------------------------------ PSP Projectors Creation
 Type    Name Number of atoms Number of projectors
    1       H               2                    0
                                            ------   On-the-fly projectors application
 Total number of projectors =                    0
 Total number of components =                    0
 Percent of zero components =                    0
 Wavefunctions memory occupation for root processor (Bytes): 284320
 ion-ion interaction energy  6.91238082123304E-01
 ----------------------------------------------------------- Ionic Potential Creation
 total ionic charge, leaked charge            -2.000001492465   0.000E+00
 PSolver, free  BC, dimensions:    97   91   91   proc    1   ixc:      0 ... done.
 -------------------------------------------------------------- Wavefunctions Restart
 The wavefunctions need reformatting because:                                 
    molecule was shifted   0.000000000000E+00 0.000000000000E+00 9.887695312500E-05
 Reformatting... done.
 iter,total energy,gnrm     1  -1.13687240734317641E+00  1.62E-02
 iter,total energy,gnrm     2  -1.13691450201180033E+00  3.10E-03
 iter,total energy,gnrm     3  -1.13691703403006295E+00  4.02E-04
 iter,total energy,gnrm     4  -1.13691705911219176E+00  1.02E-04
 iter,total energy,gnrm     5  -1.13691705994422576E+00  6.18E-06
 --------------------------------------------------- End of Wavefunction Optimisation
 final  ekin,  epot,  eproj   1.07938678815E+00 -1.82391881282E+00  0.00000000000E+00
 final ehart, eexcu,  vexcu   1.28114141785E+00 -6.45401229364E-01 -8.42919529800E-01
 FINAL iter,total energy,gnrm     6  -1.13691705995624459E+00  6.18E-06
 -------------------------------------------------------------- Kohn-Sham Eigenvalues
 eval(   1,u)= -3.72266012335113E-01              eval(   1,d)= -3.72266012335113E-01
 ----------------------------------------------------------------- Forces Calculation
 CPU time/ELAPSED time for root process     0         6.63         6.62
 =F =================================================================================

 =F: eigenvalues (real)      =     3.6674678067E-04    1.3113498923E-05    1.3291357307E-05   -1.7094971614E-08   -8.1202074330E-10   -1.7088259735E-10
 =F: eigenvalues (imaginary) =     0.0000000000E+00    0.0000000000E+00    0.0000000000E+00    0.0000000000E+00    0.0000000000E+00    0.0000000000E+00
 =F: frequencies (Hartree)   =     1.9150633950E-02    3.6212565392E-03    3.6457313816E-03   -1.3074774038E-04   -2.8495977669E-05   -1.3072207057E-05
 =F: frequencies (cm-1)      =       4203.08       794.77       800.15       -28.70        -6.25        -2.87
 -------------------------MEMORY CONSUMPTION REPORT-----------------------------
 9404 allocations and 9404 deallocations, remaining memory(B):0
 memory occupation peak: 81 MB
 for the array  cosinarr in the routine G_Poisson_Solver
