 <BigDFT> Log of the run will be written in logfile: .//log.yaml
 --- (file: posinp.xyz  ) --------------------------------------- Input atomic system
   Atomic system                  Fixed positions           Additional data
 Bound. C.= F             | No fixed atom            | N. sym.   = free BC     
 N. types =     2         |                          | Sp. group = free BC     
 N. atoms =     3         |                          | Virt. orb.= none        
 Types    = 'O', 'C'      |                          | Plot dens.= none        
                          |                          | Spin pol. = no          
 --- (file: input.geopt) ------------------------------------- Geopt Input Parameters
       Generic param.              Geo. optim.                MD param.
       Max. steps=      1 | Fluct. in forces=1.0E+00 |           ionmov=     -1
        algorithm=BFGS    |   Max. in forces=0.0E+00 |            dtion=     0.
 random at.displ.=0.0E+00 |   steep. descent=4.0E+00 |
 
 Number of MPI processes 4
 Number of maximal OpenMP threads per MPI process 2
 No material acceleration (iproc=0)
 
 ===================== BigDFT Wavefunction Optimization =============== inputPsiId= 100
   Input wf. policy=  100 (Linear AO     ) |  Output wf. policy=     0 (none        )
 Output grid policy=    0   (none        ) | Output grid format=     0         (text)
 Exchange-corr. ref.                                                   (XC: Teter 93)
                                                    XC functional provided by ABINIT.
 ------------------------------------------------------------------------------------
 >>>> Partition of the basis functions among the processes.
    | Processes from 0 to 3 treat 3 orbitals. |
 -----------------------------------------------
 WARNING: do not call check_communications in the linear scaling version!
total elements: 144
non-zero elements: 144
sparsity:  0.00%
total elements: 144
non-zero elements: 144
sparsity:  0.00%
 ion-ion interaction energy  3.01405182800327E+01
 ----------------------------------------------------------- Ionic Potential Creation
 total ionic charge, leaked charge           -16.000000001458   0.000E+00
WARNING: locrad for atom type O is too small; minimal value is   1.10E+01
type, 4.d0*rprb, x0, input%lin%locrad_type(ityp)O   1.10E+01   1.24E+01   6.000E+00
V3prb    4.3923E+01
WARNING: locrad for atom type C is too small; minimal value is   1.16E+01
type, 4.d0*rprb, x0, input%lin%locrad_type(ityp)C   1.16E+01   1.24E+01   6.000E+00
V3prb    5.4319E+01
 Generating 12 Atomic Input Orbitals
 Processes from 0 to 3 treat 3 inguess orbitals 
Calculating charge density... done.
   Calculation finished. TOTAL CHARGE =   1.599999233855E+01
 ----------------------------------- Determination of the orbitals in this new basis.
 Hamiltonian application done.
 Diagonalizing the Hamiltonian, sequential version... done.
 -------------------------------------------------
 some selected eigenvalues:
   eval(1)= -1.02566E+00
   eval(2)= -9.97627E-01
   eval(3)= -5.00954E-01
   eval(4)= -4.57812E-01
   eval(5)= -4.40424E-01
   eval(6)= -4.40375E-01
   eval(7)= -3.32449E-01
   eval(8)= -3.32359E-01  <-- last occupied orbital
   eval(9)=  3.82689E-02  <-- first virtual orbital
   eval(10)=  3.83276E-02
   eval(11)=  2.84711E-01
   eval(12)=  9.94710E-01
 -------------------------------------------------
 lowest, highest ev:-1.02566E+00 9.94710E-01
 calculate density kernel...  ------------------------------------------------------------- Input guess generated.
 ************************************************************************************
 ****************************** LINEAR SCALING VERSION ******************************
 calling orthonormalizeLocalized (exact)
 Increasing the localization radius for the high accuracy part.
total elements: 144
non-zero elements: 144
sparsity:  0.00%
total elements: 144
non-zero elements: 144
sparsity:  0.00%
 ----------------------------------- Determination of the orbitals in this new basis.
 Hamiltonian application done.
 Diagonalizing the Hamiltonian, sequential version... done.
 -------------------------------------------------
 some selected eigenvalues:
   eval(1)= -1.02484E+00
   eval(2)= -9.97587E-01
   eval(3)= -5.00954E-01
   eval(4)= -4.57811E-01
   eval(5)= -4.40432E-01
   eval(6)= -4.40383E-01
   eval(7)= -3.32423E-01
   eval(8)= -3.32333E-01  <-- last occupied orbital
   eval(9)=  3.83852E-02  <-- first virtual orbital
   eval(10)=  3.84436E-02
   eval(11)=  2.84437E-01
   eval(12)=  9.96728E-01
 -------------------------------------------------
 lowest, highest ev:-1.02484E+00 9.96728E-01
 calculate density kernel...  ======================== Creation of the basis functions... ========================
 ----------------------------------------------------------------------------- iter=1
 Orthoconstraint... Preconditioning... done.
 iter, fnrm, fnrmMax, ebs, diff     1  4.3446624E-01  5.8069617E-01   -37.5126427310  -3.7513E+01
 SD informations: mean alpha=1.000E+00, max alpha=1.000E+00, consecutive successes=1
 Orthonormalization... coeff renormalization... calculate density kernel... done.
 ----------------------------------------------------------------------------- iter=2
 Orthoconstraint... Preconditioning... done.
 iter, fnrm, fnrmMax, ebs, diff     2  3.8645983E-01  6.0334495E-01   -37.6400879816  -1.2745E-01
 SD informations: mean alpha=6.000E-01, max alpha=6.000E-01, consecutive successes=2
 Orthonormalization... coeff renormalization... calculate density kernel... done.
 ----------------------------------------------------------------------------- iter=3
 Orthoconstraint... Preconditioning... done.
 iter, fnrm, fnrmMax, ebs, diff     3  1.7283797E-01  2.9503545E-01   -37.7303449815  -9.0257E-02
 WARNING: not converged within 3 iterations! Exiting loop due to limitations of iterations.
 Final values for fnrm, fnrmMax, ebs:   1.7283797E-01  2.9503545E-01    -37.7303450
 ============================= Basis functions created. =============================
 ----------------------------------- Determination of the orbitals in this new basis.
 No Hamiltonian application required.
 Diagonalizing the Hamiltonian, sequential version... done.
 -------------------------------------------------
 some selected eigenvalues:
   eval(1)= -1.04229E+00
   eval(2)= -1.01753E+00
   eval(3)= -5.13072E-01
   eval(4)= -4.84513E-01
   eval(5)= -4.48251E-01
   eval(6)= -4.48154E-01
   eval(7)= -3.41243E-01
   eval(8)= -3.41127E-01  <-- last occupied orbital
   eval(9)=  3.77722E-02  <-- first virtual orbital
   eval(10)=  3.78440E-02
   eval(11)=  2.82594E-01
   eval(12)=  9.93772E-01
 -------------------------------------------------
 lowest, highest ev:-1.04229E+00 9.93772E-01
 calculate density kernel... Calculating charge density... done.
   Calculation finished. TOTAL CHARGE =   1.599999277004E+01
 ---------------------------------------------------------------- Updating potential.
 ++++++++++++++++++++++++++++++++++++++++++++++++++++++++++++++++++++++++++++++++++++++++++++
 at iteration 1 of the density optimization:
   coefficients obtained by diagonalization.
   it, Delta DENS, energy, energyDiff   1   4.59E-06   -3.77314653411831600E+01   -3.7731E+01
 ++++++++++++++++++++++++++++++++++++++++++++++++++++++++++++++++++++++++++++++++++++++++++++
 ----------------------------------- Determination of the orbitals in this new basis.
 Hamiltonian application done.
 Diagonalizing the Hamiltonian, sequential version... done.
 -------------------------------------------------
 some selected eigenvalues:
   eval(1)= -1.06359E+00
   eval(2)= -1.02802E+00
   eval(3)= -4.85118E-01
   eval(4)= -4.72619E-01
   eval(5)= -4.72503E-01
   eval(6)= -4.48591E-01
   eval(7)= -3.15136E-01
   eval(8)= -3.14832E-01  <-- last occupied orbital
   eval(9)= -3.63385E-04  <-- first virtual orbital
   eval(10)= -2.77712E-04
   eval(11)=  2.48907E-01
   eval(12)=  9.45839E-01
 -------------------------------------------------
 lowest, highest ev:-1.06359E+00 9.45839E-01
 calculate density kernel... Calculating charge density... done.
   Calculation finished. TOTAL CHARGE =   1.599999340370E+01
 ---------------------------------------------------------------- Updating potential.
 ++++++++++++++++++++++++++++++++++++++++++++++++++++++++++++++++++++++++++++++++++++++++++++
 at iteration 2 of the density optimization:
   coefficients obtained by diagonalization.
   it, Delta DENS, energy, energyDiff   2   2.63E-06   -3.76911435390823115E+01    4.0322E-02
 ++++++++++++++++++++++++++++++++++++++++++++++++++++++++++++++++++++++++++++++++++++++++++++
 ----------------------------------- Determination of the orbitals in this new basis.
 Hamiltonian application done.
 Diagonalizing the Hamiltonian, sequential version... done.
 -------------------------------------------------
 some selected eigenvalues:
   eval(1)= -1.06944E+00
   eval(2)= -1.03793E+00
   eval(3)= -5.00057E-01
   eval(4)= -4.75014E-01
   eval(5)= -4.74884E-01
   eval(6)= -4.65964E-01
   eval(7)= -3.39196E-01
   eval(8)= -3.38939E-01  <-- last occupied orbital
   eval(9)= -9.93500E-04  <-- first virtual orbital
   eval(10)= -9.11190E-04
   eval(11)=  2.44286E-01
   eval(12)=  9.51218E-01
 -------------------------------------------------
 lowest, highest ev:-1.06944E+00 9.51218E-01
 calculate density kernel... Calculating charge density... done.
   Calculation finished. TOTAL CHARGE =   1.599999314243E+01
 ---------------------------------------------------------------- Updating potential.
 ++++++++++++++++++++++++++++++++++++++++++++++++++++++++++++++++++++++++++++++++++++++++++++
 at iteration 3 of the density optimization:
   coefficients obtained by diagonalization.
   it, Delta DENS, energy, energyDiff   3   9.07E-07   -3.76843493424052056E+01    6.7942E-03
 ++++++++++++++++++++++++++++++++++++++++++++++++++++++++++++++++++++++++++++++++++++++++++++
 ----------------------------------- Determination of the orbitals in this new basis.
 Hamiltonian application done.
 Diagonalizing the Hamiltonian, sequential version... done.
 -------------------------------------------------
 some selected eigenvalues:
   eval(1)= -1.07379E+00
   eval(2)= -1.04116E+00
   eval(3)= -4.95817E-01
   eval(4)= -4.80612E-01
   eval(5)= -4.80476E-01
   eval(6)= -4.59982E-01
   eval(7)= -3.35714E-01
   eval(8)= -3.35420E-01  <-- last occupied orbital
   eval(9)= -7.72552E-03  <-- first virtual orbital
   eval(10)= -7.63287E-03
   eval(11)=  2.37889E-01
   eval(12)=  9.42464E-01
 -------------------------------------------------
 lowest, highest ev:-1.07379E+00 9.42464E-01
 calculate density kernel... Calculating charge density... done.
   Calculation finished. TOTAL CHARGE =   1.599999324793E+01
 ---------------------------------------------------------------- Updating potential.
 ++++++++++++++++++++++++++++++++++++++++++++++++++++++++++++++++++++++++++++++++++++++++++++
 at iteration 4 of the density optimization:
   coefficients obtained by diagonalization.
   it, Delta DENS, energy, energyDiff   4   5.40E-07   -3.76830753552912441E+01    1.2740E-03
 ++++++++++++++++++++++++++++++++++++++++++++++++++++++++++++++++++++++++++++++++++++++++++++
   ebs, ehart, eexcu, vexcu, eexctX, eion, edisp -9.4059492422E+00  6.1020312225E+01 -8.4973885464E+00 -1.1140501306E+01  0.0000000000E+00  3.0140518280E+01  0.0000000000E+00
   itoutH, Delta DENSOUT, energy, energyDiff   1   1.48E-06   -3.76830753552912441E+01   -3.7683E+01
 ############################################################################################
 at iteration 1 of the outer loop:
   > basis functions optimization:
     - target function is energy
     - WARNING: basis functions not converged!
     Final values: target function, fnrm  -3.773034E+01    1.73E-01
   > density optimization:
     - using diagonalization / mixing.
     - WARNING: density optimization not converged!
     FINAL values: it, Delta DENS, energy   1    5.40E-07   -3.76830753552912441E+01
   > energy difference to last iteration: -3.768308E+01
 ############################################################################################
 ======================== Creation of the basis functions... ========================
 ----------------------------------------------------------------------------- iter=1
 Orthoconstraint... Preconditioning... done.
 iter, fnrm, fnrmMax, ebs, diff     1  1.8387041E-01  2.8928902E-01   -37.6825049562  -4.2417E-02
 SD informations: mean alpha=3.600E-01, max alpha=3.600E-01, consecutive successes=1
 Orthonormalization... coeff renormalization... calculate density kernel... done.
 ----------------------------------------------------------------------------- iter=2
 Orthoconstraint... Preconditioning... done.
 iter, fnrm, fnrmMax, ebs, diff     2  5.0741798E-02  6.7328935E-02   -37.7133191620  -3.0814E-02
 SD informations: mean alpha=3.360E-01, max alpha=3.960E-01, consecutive successes=2
 Orthonormalization... coeff renormalization... calculate density kernel... done.
 ----------------------------------------------------------------------------- iter=3
 Orthoconstraint... Preconditioning... done.
 iter, fnrm, fnrmMax, ebs, diff     3  2.7372132E-02  3.6973749E-02   -37.7164755129  -3.1564E-03
 WARNING: not converged within 3 iterations! Exiting loop due to limitations of iterations.
 Final values for fnrm, fnrmMax, ebs:   2.7372132E-02  3.6973749E-02    -37.7164755
 ============================= Basis functions created. =============================
 ----------------------------------- Determination of the orbitals in this new basis.
 No Hamiltonian application required.
 Diagonalizing the Hamiltonian, sequential version... done.
 -------------------------------------------------
 some selected eigenvalues:
   eval(1)= -1.08253E+00
   eval(2)= -1.04804E+00
   eval(3)= -4.99680E-01
   eval(4)= -4.81752E-01
   eval(5)= -4.81631E-01
   eval(6)= -4.64631E-01
   eval(7)= -3.40985E-01
   eval(8)= -3.40786E-01  <-- last occupied orbital
   eval(9)= -8.15392E-03  <-- first virtual orbital
   eval(10)= -8.05786E-03
   eval(11)=  2.36006E-01
   eval(12)=  9.43986E-01
 -------------------------------------------------
 lowest, highest ev:-1.08253E+00 9.43986E-01
 calculate density kernel... Calculating charge density... done.
   Calculation finished. TOTAL CHARGE =   1.599999319243E+01
 ---------------------------------------------------------------- Updating potential.
 ++++++++++++++++++++++++++++++++++++++++++++++++++++++++++++++++++++++++++++++++++++++++++++
 at iteration 1 of the density optimization:
   coefficients obtained by diagonalization.
   it, Delta DENS, energy, energyDiff   1   7.12E-07   -3.77167585837489767E+01   -3.3683E-02
 ++++++++++++++++++++++++++++++++++++++++++++++++++++++++++++++++++++++++++++++++++++++++++++
 ----------------------------------- Determination of the orbitals in this new basis.
 Hamiltonian application done.
 Diagonalizing the Hamiltonian, sequential version... done.
 -------------------------------------------------
 some selected eigenvalues:
   eval(1)= -1.07695E+00
   eval(2)= -1.04236E+00
   eval(3)= -5.02770E-01
   eval(4)= -4.78595E-01
   eval(5)= -4.78501E-01
   eval(6)= -4.67175E-01
   eval(7)= -3.41000E-01
   eval(8)= -3.40841E-01  <-- last occupied orbital
   eval(9)= -5.45672E-03  <-- first virtual orbital
   eval(10)= -5.36854E-03
   eval(11)=  2.40461E-01
   eval(12)=  9.50891E-01
 -------------------------------------------------
 lowest, highest ev:-1.07695E+00 9.50891E-01
 calculate density kernel... Calculating charge density... done.
   Calculation finished. TOTAL CHARGE =   1.599999316131E+01
 ---------------------------------------------------------------- Updating potential.
 ++++++++++++++++++++++++++++++++++++++++++++++++++++++++++++++++++++++++++++++++++++++++++++
 at iteration 2 of the density optimization:
   coefficients obtained by diagonalization.
   it, Delta DENS, energy, energyDiff   2   3.85E-07   -3.77159946203703171E+01    7.6396E-04
 ++++++++++++++++++++++++++++++++++++++++++++++++++++++++++++++++++++++++++++++++++++++++++++
 ----------------------------------- Determination of the orbitals in this new basis.
 Hamiltonian application done.
 Diagonalizing the Hamiltonian, sequential version... done.
 -------------------------------------------------
 some selected eigenvalues:
   eval(1)= -1.07481E+00
   eval(2)= -1.03965E+00
   eval(3)= -5.02555E-01
   eval(4)= -4.77794E-01
   eval(5)= -4.77715E-01
   eval(6)= -4.66850E-01
   eval(7)= -3.39244E-01
   eval(8)= -3.39097E-01  <-- last occupied orbital
   eval(9)= -5.28439E-03  <-- first virtual orbital
   eval(10)= -5.20216E-03
   eval(11)=  2.41790E-01
   eval(12)=  9.52378E-01
 -------------------------------------------------
 lowest, highest ev:-1.07481E+00 9.52378E-01
 calculate density kernel... Calculating charge density... done.
   Calculation finished. TOTAL CHARGE =   1.599999317717E+01
 ---------------------------------------------------------------- Updating potential.
 ++++++++++++++++++++++++++++++++++++++++++++++++++++++++++++++++++++++++++++++++++++++++++++
 at iteration 3 of the density optimization:
   coefficients obtained by diagonalization.
   it, Delta DENS, energy, energyDiff   3   2.10E-07   -3.77158392244302902E+01    1.5540E-04
 ++++++++++++++++++++++++++++++++++++++++++++++++++++++++++++++++++++++++++++++++++++++++++++
 ----------------------------------- Determination of the orbitals in this new basis.
 Hamiltonian application done.
 Diagonalizing the Hamiltonian, sequential version... done.
 -------------------------------------------------
 some selected eigenvalues:
   eval(1)= -1.07365E+00
   eval(2)= -1.03871E+00
   eval(3)= -5.03316E-01
   eval(4)= -4.77261E-01
   eval(5)= -4.77187E-01
   eval(6)= -4.67192E-01
   eval(7)= -3.39282E-01
   eval(8)= -3.39144E-01  <-- last occupied orbital
   eval(9)= -4.85767E-03  <-- first virtual orbital
   eval(10)= -4.77530E-03
   eval(11)=  2.42558E-01
   eval(12)=  9.53633E-01
 -------------------------------------------------
 lowest, highest ev:-1.07365E+00 9.53633E-01
 calculate density kernel... Calculating charge density... done.
   Calculation finished. TOTAL CHARGE =   1.599999317226E+01
 ---------------------------------------------------------------- Updating potential.
 ++++++++++++++++++++++++++++++++++++++++++++++++++++++++++++++++++++++++++++++++++++++++++++
 at iteration 4 of the density optimization:
   coefficients obtained by diagonalization.
   it, Delta DENS, energy, energyDiff   4   1.61E-07   -3.77158094690638634E+01    2.9755E-05
 ++++++++++++++++++++++++++++++++++++++++++++++++++++++++++++++++++++++++++++++++++++++++++++
   ebs, ehart, eexcu, vexcu, eexctX, eion, edisp -9.4314783080E+00  6.1072240888E+01 -8.5004838046E+00 -1.1144618511E+01  0.0000000000E+00  3.0140518280E+01  0.0000000000E+00
   itoutH, Delta DENSOUT, energy, energyDiff   2   3.16E-07   -3.77158094690638634E+01   -3.2734E-02
 ############################################################################################
 at iteration 2 of the outer loop:
   > basis functions optimization:
     - target function is energy
     - WARNING: basis functions not converged!
     Final values: target function, fnrm  -3.771648E+01    2.74E-02
   > density optimization:
     - using diagonalization / mixing.
     - WARNING: density optimization not converged!
     FINAL values: it, Delta DENS, energy   2    1.61E-07   -3.77158094690638634E+01
   > energy difference to last iteration: -3.273411E-02
 ############################################################################################
 ======================== Creation of the basis functions... ========================
 ----------------------------------------------------------------------------- iter=1
 Orthoconstraint... Preconditioning... done.
 iter, fnrm, fnrmMax, ebs, diff     1  2.4698251E-02  3.2459919E-02   -37.7156947861  -2.3756E-03
 SD informations: mean alpha=3.696E-01, max alpha=3.696E-01, consecutive successes=1
 Orthonormalization... coeff renormalization... calculate density kernel... done.
 ----------------------------------------------------------------------------- iter=2
 Orthoconstraint... Preconditioning... done.
 iter, fnrm, fnrmMax, ebs, diff     2  1.4445696E-02  2.1692031E-02   -37.7162136638  -5.1888E-04
 SD informations: mean alpha=4.066E-01, max alpha=4.066E-01, consecutive successes=2
 Orthonormalization... coeff renormalization... calculate density kernel... done.
 ----------------------------------------------------------------------------- iter=3
 Orthoconstraint... Preconditioning... done.
 iter, fnrm, fnrmMax, ebs, diff     3  9.2718350E-03  1.5246912E-02   -37.7164424211  -2.2876E-04
 WARNING: not converged within 3 iterations! Exiting loop due to limitations of iterations.
 Final values for fnrm, fnrmMax, ebs:   9.2718350E-03  1.5246912E-02    -37.7164424
 ============================= Basis functions created. =============================
 ----------------------------------- Determination of the orbitals in this new basis.
 No Hamiltonian application required.
 Diagonalizing the Hamiltonian, sequential version... done.
 -------------------------------------------------
 some selected eigenvalues:
   eval(1)= -1.07346E+00
   eval(2)= -1.03806E+00
   eval(3)= -5.03259E-01
   eval(4)= -4.77173E-01
   eval(5)= -4.77112E-01
   eval(6)= -4.67374E-01
   eval(7)= -3.39070E-01
   eval(8)= -3.38958E-01  <-- last occupied orbital
   eval(9)= -5.00197E-03  <-- first virtual orbital
   eval(10)= -4.91932E-03
   eval(11)=  2.42871E-01
   eval(12)=  9.53992E-01
 -------------------------------------------------
 lowest, highest ev:-1.07346E+00 9.53992E-01
 calculate density kernel... Calculating charge density... done.
   Calculation finished. TOTAL CHARGE =   1.599999315780E+01
 ---------------------------------------------------------------- Updating potential.
 ++++++++++++++++++++++++++++++++++++++++++++++++++++++++++++++++++++++++++++++++++++++++++++
 at iteration 1 of the density optimization:
   coefficients obtained by diagonalization.
   it, Delta DENS, energy, energyDiff   1   1.76E-07   -3.77165233639623736E+01   -7.1389E-04
 ++++++++++++++++++++++++++++++++++++++++++++++++++++++++++++++++++++++++++++++++++++++++++++
 ----------------------------------- Determination of the orbitals in this new basis.
 Hamiltonian application done.
 Diagonalizing the Hamiltonian, sequential version... done.
 -------------------------------------------------
 some selected eigenvalues:
   eval(1)= -1.07373E+00
   eval(2)= -1.03887E+00
   eval(3)= -5.04774E-01
   eval(4)= -4.77514E-01
   eval(5)= -4.77449E-01
   eval(6)= -4.68787E-01
   eval(7)= -3.40307E-01
   eval(8)= -3.40198E-01  <-- last occupied orbital
   eval(9)= -5.31974E-03  <-- first virtual orbital
   eval(10)= -5.23700E-03
   eval(11)=  2.42461E-01
   eval(12)=  9.53771E-01
 -------------------------------------------------
 lowest, highest ev:-1.07373E+00 9.53771E-01
 calculate density kernel... Calculating charge density... done.
   Calculation finished. TOTAL CHARGE =   1.599999314716E+01
 ---------------------------------------------------------------- Updating potential.
 ++++++++++++++++++++++++++++++++++++++++++++++++++++++++++++++++++++++++++++++++++++++++++++
 at iteration 2 of the density optimization:
   coefficients obtained by diagonalization.
   it, Delta DENS, energy, energyDiff   2   1.51E-07   -3.77165012950287846E+01    2.2069E-05
 ++++++++++++++++++++++++++++++++++++++++++++++++++++++++++++++++++++++++++++++++++++++++++++
 ----------------------------------- Determination of the orbitals in this new basis.
 Hamiltonian application done.
 Diagonalizing the Hamiltonian, sequential version... done.
 -------------------------------------------------
 some selected eigenvalues:
   eval(1)= -1.07413E+00
   eval(2)= -1.03905E+00
   eval(3)= -5.04933E-01
   eval(4)= -4.77879E-01
   eval(5)= -4.77812E-01
   eval(6)= -4.69070E-01
   eval(7)= -3.40317E-01
   eval(8)= -3.40207E-01  <-- last occupied orbital
   eval(9)= -5.83867E-03  <-- first virtual orbital
   eval(10)= -5.75667E-03
   eval(11)=  2.42064E-01
   eval(12)=  9.53119E-01
 -------------------------------------------------
 lowest, highest ev:-1.07413E+00 9.53119E-01
 calculate density kernel... Calculating charge density... done.
   Calculation finished. TOTAL CHARGE =   1.599999315142E+01
 ---------------------------------------------------------------- Updating potential.
 ++++++++++++++++++++++++++++++++++++++++++++++++++++++++++++++++++++++++++++++++++++++++++++
 at iteration 3 of the density optimization:
   coefficients obtained by diagonalization.
   it, Delta DENS, energy, energyDiff   3   1.41E-07   -3.77164975800812456E+01    3.7149E-06
 ++++++++++++++++++++++++++++++++++++++++++++++++++++++++++++++++++++++++++++++++++++++++++++
 ----------------------------------- Determination of the orbitals in this new basis.
 Hamiltonian application done.
 Diagonalizing the Hamiltonian, sequential version... done.
 -------------------------------------------------
 some selected eigenvalues:
   eval(1)= -1.07421E+00
   eval(2)= -1.03926E+00
   eval(3)= -5.05289E-01
   eval(4)= -4.77988E-01
   eval(5)= -4.77920E-01
   eval(6)= -4.69311E-01
   eval(7)= -3.40565E-01
   eval(8)= -3.40455E-01  <-- last occupied orbital
   eval(9)= -5.92755E-03  <-- first virtual orbital
   eval(10)= -5.84415E-03
   eval(11)=  2.41921E-01
   eval(12)=  9.53021E-01
 -------------------------------------------------
 lowest, highest ev:-1.07421E+00 9.53021E-01
 calculate density kernel... Calculating charge density... done.
   Calculation finished. TOTAL CHARGE =   1.599999315015E+01
 ---------------------------------------------------------------- Updating potential.
 ++++++++++++++++++++++++++++++++++++++++++++++++++++++++++++++++++++++++++++++++++++++++++++
 at iteration 4 of the density optimization:
   coefficients obtained by diagonalization.
   it, Delta DENS, energy, energyDiff   4   1.45E-07   -3.77164981328138467E+01   -5.5273E-07
 ++++++++++++++++++++++++++++++++++++++++++++++++++++++++++++++++++++++++++++++++++++++++++++
   ebs, ehart, eexcu, vexcu, eexctX, eion, edisp -9.4499932598E+00  6.1048387762E+01 -8.4957754042E+00 -1.1138401575E+01  0.0000000000E+00  3.0140518280E+01  0.0000000000E+00
   itoutH, Delta DENSOUT, energy, energyDiff   3   4.53E-08   -3.77164981328138467E+01   -6.8866E-04
 ############################################################################################
 at iteration 3 of the outer loop:
   > basis functions optimization:
     - target function is energy
     - WARNING: basis functions not converged!
     Final values: target function, fnrm  -3.771644E+01    9.27E-03
   > density optimization:
     - using diagonalization / mixing.
     - WARNING: density optimization not converged!
     FINAL values: it, Delta DENS, energy   3    1.45E-07   -3.77164981328138467E+01
   > energy difference to last iteration: -6.886637E-04
 ############################################################################################
 ======================== Creation of the basis functions... ========================
 ----------------------------------------------------------------------------- iter=1
 Orthoconstraint... Preconditioning... done.
 iter, fnrm, fnrmMax, ebs, diff     1  8.9797237E-03  1.4179889E-02   -37.7163836110  -1.6995E-04
 SD informations: mean alpha=4.472E-01, max alpha=4.472E-01, consecutive successes=1
 Orthonormalization... coeff renormalization... calculate density kernel... done.
 ----------------------------------------------------------------------------- iter=2
 Orthoconstraint... Preconditioning... done.
 iter, fnrm, fnrmMax, ebs, diff     2  5.9307115E-03  9.7742023E-03   -37.7164895659  -1.0595E-04
 SD informations: mean alpha=4.919E-01, max alpha=4.919E-01, consecutive successes=2
 Orthonormalization... coeff renormalization... calculate density kernel... done.
 ----------------------------------------------------------------------------- iter=3
 Orthoconstraint... Preconditioning... done.
 iter, fnrm, fnrmMax, ebs, diff     3  4.1658469E-03  6.7989066E-03   -37.7165519109  -6.2345E-05
 WARNING: not converged within 3 iterations! Exiting loop due to limitations of iterations.
 Final values for fnrm, fnrmMax, ebs:   4.1658469E-03  6.7989066E-03    -37.7165519
 ============================= Basis functions created. =============================
 ----------------------------------- Determination of the orbitals in this new basis.
 No Hamiltonian application required.
 Diagonalizing the Hamiltonian, sequential version... done.
 -------------------------------------------------
 some selected eigenvalues:
   eval(1)= -1.07433E+00
   eval(2)= -1.03930E+00
   eval(3)= -5.05334E-01
   eval(4)= -4.78087E-01
   eval(5)= -4.78021E-01
   eval(6)= -4.69465E-01
   eval(7)= -3.40627E-01
   eval(8)= -3.40524E-01  <-- last occupied orbital
   eval(9)= -6.15357E-03  <-- first virtual orbital
   eval(10)= -6.07136E-03
   eval(11)=  2.41870E-01
   eval(12)=  9.52934E-01
 -------------------------------------------------
 lowest, highest ev:-1.07433E+00 9.52934E-01
 calculate density kernel... Calculating charge density... done.
   Calculation finished. TOTAL CHARGE =   1.599999314564E+01
 ---------------------------------------------------------------- Updating potential.
 ++++++++++++++++++++++++++++++++++++++++++++++++++++++++++++++++++++++++++++++++++++++++++++
 at iteration 1 of the density optimization:
   coefficients obtained by diagonalization.
   it, Delta DENS, energy, energyDiff   1   1.45E-07   -3.77166347438975080E+01   -1.3661E-04
 ++++++++++++++++++++++++++++++++++++++++++++++++++++++++++++++++++++++++++++++++++++++++++++
 ----------------------------------- Determination of the orbitals in this new basis.
 Hamiltonian application done.
 Diagonalizing the Hamiltonian, sequential version... done.
 -------------------------------------------------
 some selected eigenvalues:
   eval(1)= -1.07421E+00
   eval(2)= -1.03927E+00
   eval(3)= -5.05582E-01
   eval(4)= -4.77982E-01
   eval(5)= -4.77916E-01
   eval(6)= -4.69646E-01
   eval(7)= -3.40804E-01
   eval(8)= -3.40702E-01  <-- last occupied orbital
   eval(9)= -5.97434E-03  <-- first virtual orbital
   eval(10)= -5.88968E-03
   eval(11)=  2.41986E-01
   eval(12)=  9.53198E-01
 -------------------------------------------------
 lowest, highest ev:-1.07421E+00 9.53198E-01
 calculate density kernel... Calculating charge density... done.
   Calculation finished. TOTAL CHARGE =   1.599999314256E+01
 ---------------------------------------------------------------- Updating potential.
 ++++++++++++++++++++++++++++++++++++++++++++++++++++++++++++++++++++++++++++++++++++++++++++
 at iteration 2 of the density optimization:
   coefficients obtained by diagonalization.
   it, Delta DENS, energy, energyDiff   2   1.48E-07   -3.77166344362754060E+01    3.0762E-07
 ++++++++++++++++++++++++++++++++++++++++++++++++++++++++++++++++++++++++++++++++++++++++++++
 ----------------------------------- Determination of the orbitals in this new basis.
 Hamiltonian application done.
 Diagonalizing the Hamiltonian, sequential version... done.
 -------------------------------------------------
 some selected eigenvalues:
   eval(1)= -1.07421E+00
   eval(2)= -1.03923E+00
   eval(3)= -5.05515E-01
   eval(4)= -4.77995E-01
   eval(5)= -4.77928E-01
   eval(6)= -4.69642E-01
   eval(7)= -3.40721E-01
   eval(8)= -3.40619E-01  <-- last occupied orbital
   eval(9)= -6.04486E-03  <-- first virtual orbital
   eval(10)= -5.96263E-03
   eval(11)=  2.41993E-01
   eval(12)=  9.53124E-01
 -------------------------------------------------
 lowest, highest ev:-1.07421E+00 9.53124E-01
 calculate density kernel... Calculating charge density... done.
   Calculation finished. TOTAL CHARGE =   1.599999314341E+01
 ---------------------------------------------------------------- Updating potential.
 ++++++++++++++++++++++++++++++++++++++++++++++++++++++++++++++++++++++++++++++++++++++++++++
 at iteration 3 of the density optimization:
   coefficients obtained by diagonalization.
   it, Delta DENS, energy, energyDiff   3   1.47E-07   -3.77166351495427605E+01   -7.1327E-07
 ++++++++++++++++++++++++++++++++++++++++++++++++++++++++++++++++++++++++++++++++++++++++++++
 ----------------------------------- Determination of the orbitals in this new basis.
 Hamiltonian application done.
 Diagonalizing the Hamiltonian, sequential version... done.
 -------------------------------------------------
 some selected eigenvalues:
   eval(1)= -1.07419E+00
   eval(2)= -1.03921E+00
   eval(3)= -5.05571E-01
   eval(4)= -4.77978E-01
   eval(5)= -4.77911E-01
   eval(6)= -4.69616E-01
   eval(7)= -3.40726E-01
   eval(8)= -3.40625E-01  <-- last occupied orbital
   eval(9)= -5.98603E-03  <-- first virtual orbital
   eval(10)= -5.90095E-03
   eval(11)=  2.42000E-01
   eval(12)=  9.53184E-01
 -------------------------------------------------
 lowest, highest ev:-1.07419E+00 9.53184E-01
 calculate density kernel... Calculating charge density... done.
   Calculation finished. TOTAL CHARGE =   1.599999314360E+01
 ---------------------------------------------------------------- Updating potential.
 ++++++++++++++++++++++++++++++++++++++++++++++++++++++++++++++++++++++++++++++++++++++++++++
 at iteration 4 of the density optimization:
   coefficients obtained by diagonalization.
   it, Delta DENS, energy, energyDiff   4   1.50E-07   -3.77166362332158442E+01   -1.0837E-06
 ++++++++++++++++++++++++++++++++++++++++++++++++++++++++++++++++++++++++++++++++++++++++++++
   ebs, ehart, eexcu, vexcu, eexctX, eion, edisp -9.4516562039E+00  6.1047844515E+01 -8.4953986670E+00 -1.1137904487E+01  0.0000000000E+00  3.0140518280E+01  0.0000000000E+00
   itoutH, Delta DENSOUT, energy, energyDiff   4   1.34E-08   -3.77166362332158442E+01   -1.3810E-04
 ############################################################################################
 at iteration 4 of the outer loop:
   > basis functions optimization:
     - target function is energy
     - WARNING: basis functions not converged!
     Final values: target function, fnrm  -3.771655E+01    4.17E-03
   > density optimization:
     - using diagonalization / mixing.
     - WARNING: density optimization not converged!
     FINAL values: it, Delta DENS, energy   4    1.50E-07   -3.77166362332158442E+01
   > energy difference to last iteration: -1.381004E-04
 ############################################################################################
 ======================== Creation of the basis functions... ========================
 ----------------------------------------------------------------------------- iter=1
 Orthoconstraint... Preconditioning... done.
 iter, fnrm, fnrmMax, ebs, diff     1  4.4434593E-03  6.8429859E-03   -37.7165121911  -2.2625E-05
 SD informations: mean alpha=5.411E-01, max alpha=5.411E-01, consecutive successes=1
 Orthonormalization... coeff renormalization... calculate density kernel... done.
 ----------------------------------------------------------------------------- iter=2
 Orthoconstraint... Preconditioning... done.
 iter, fnrm, fnrmMax, ebs, diff     2  3.3772363E-03  4.9353641E-03   -37.7165613130  -4.9122E-05
 SD informations: mean alpha=5.727E-01, max alpha=5.952E-01, consecutive successes=2
 Orthonormalization... coeff renormalization... calculate density kernel... done.
 ----------------------------------------------------------------------------- iter=3
 Orthoconstraint... Preconditioning... done.
 iter, fnrm, fnrmMax, ebs, diff     3  2.7363061E-03  3.7863368E-03   -37.7165965777  -3.5265E-05
 WARNING: not converged within 3 iterations! Exiting loop due to limitations of iterations.
 Final values for fnrm, fnrmMax, ebs:   2.7363061E-03  3.7863368E-03    -37.7165966
 ============================= Basis functions created. =============================
 ----------------------------------- Determination of the orbitals in this new basis.
 No Hamiltonian application required.
 Diagonalizing the Hamiltonian, sequential version... done.
 -------------------------------------------------
 some selected eigenvalues:
   eval(1)= -1.07419E+00
   eval(2)= -1.03922E+00
   eval(3)= -5.05557E-01
   eval(4)= -4.77983E-01
   eval(5)= -4.77917E-01
   eval(6)= -4.69675E-01
   eval(7)= -3.40745E-01
   eval(8)= -3.40646E-01  <-- last occupied orbital
   eval(9)= -6.08153E-03  <-- first virtual orbital
   eval(10)= -5.99883E-03
   eval(11)=  2.42051E-01
   eval(12)=  9.53197E-01
 -------------------------------------------------
 lowest, highest ev:-1.07419E+00 9.53197E-01
 calculate density kernel... Calculating charge density... done.
   Calculation finished. TOTAL CHARGE =   1.599999314522E+01
 ---------------------------------------------------------------- Updating potential.
 ++++++++++++++++++++++++++++++++++++++++++++++++++++++++++++++++++++++++++++++++++++++++++++
 at iteration 1 of the density optimization:
   coefficients obtained by diagonalization.
   it, Delta DENS, energy, energyDiff   1   1.53E-07   -3.77166801966909517E+01   -4.3963E-05
 ++++++++++++++++++++++++++++++++++++++++++++++++++++++++++++++++++++++++++++++++++++++++++++
 ----------------------------------- Determination of the orbitals in this new basis.
 Hamiltonian application done.
 Diagonalizing the Hamiltonian, sequential version... done.
 -------------------------------------------------
 some selected eigenvalues:
   eval(1)= -1.07431E+00
   eval(2)= -1.03933E+00
   eval(3)= -5.05756E-01
   eval(4)= -4.78069E-01
   eval(5)= -4.78002E-01
   eval(6)= -4.69798E-01
   eval(7)= -3.40915E-01
   eval(8)= -3.40817E-01  <-- last occupied orbital
   eval(9)= -6.11593E-03  <-- first virtual orbital
   eval(10)= -6.02945E-03
   eval(11)=  2.41940E-01
   eval(12)=  9.53147E-01
 -------------------------------------------------
 lowest, highest ev:-1.07431E+00 9.53147E-01
 calculate density kernel... Calculating charge density... done.
   Calculation finished. TOTAL CHARGE =   1.599999314459E+01
 ---------------------------------------------------------------- Updating potential.
 ++++++++++++++++++++++++++++++++++++++++++++++++++++++++++++++++++++++++++++++++++++++++++++
 at iteration 2 of the density optimization:
   coefficients obtained by diagonalization.
   it, Delta DENS, energy, energyDiff   2   1.54E-07   -3.77166809360389621E+01   -7.3935E-07
 ++++++++++++++++++++++++++++++++++++++++++++++++++++++++++++++++++++++++++++++++++++++++++++
 ----------------------------------- Determination of the orbitals in this new basis.
 Hamiltonian application done.
 Diagonalizing the Hamiltonian, sequential version... done.
 -------------------------------------------------
 some selected eigenvalues:
   eval(1)= -1.07437E+00
   eval(2)= -1.03942E+00
   eval(3)= -5.05773E-01
   eval(4)= -4.78134E-01
   eval(5)= -4.78067E-01
   eval(6)= -4.69893E-01
   eval(7)= -3.40965E-01
   eval(8)= -3.40868E-01  <-- last occupied orbital
   eval(9)= -6.23510E-03  <-- first virtual orbital
   eval(10)= -6.15237E-03
   eval(11)=  2.41879E-01
   eval(12)=  9.53021E-01
 -------------------------------------------------
 lowest, highest ev:-1.07437E+00 9.53021E-01
 calculate density kernel... Calculating charge density... done.
   Calculation finished. TOTAL CHARGE =   1.599999314422E+01
 ---------------------------------------------------------------- Updating potential.
 ++++++++++++++++++++++++++++++++++++++++++++++++++++++++++++++++++++++++++++++++++++++++++++
 at iteration 3 of the density optimization:
   coefficients obtained by diagonalization.
   it, Delta DENS, energy, energyDiff   3   1.55E-07   -3.77166817923680711E+01   -8.5633E-07
 ++++++++++++++++++++++++++++++++++++++++++++++++++++++++++++++++++++++++++++++++++++++++++++
 ----------------------------------- Determination of the orbitals in this new basis.
 Hamiltonian application done.
 Diagonalizing the Hamiltonian, sequential version... done.
 -------------------------------------------------
 some selected eigenvalues:
   eval(1)= -1.07441E+00
   eval(2)= -1.03941E+00
   eval(3)= -5.05824E-01
   eval(4)= -4.78158E-01
   eval(5)= -4.78091E-01
   eval(6)= -4.69853E-01
   eval(7)= -3.40969E-01
   eval(8)= -3.40872E-01  <-- last occupied orbital
   eval(9)= -6.21657E-03  <-- first virtual orbital
   eval(10)= -6.12993E-03
   eval(11)=  2.41839E-01
   eval(12)=  9.53019E-01
 -------------------------------------------------
 lowest, highest ev:-1.07441E+00 9.53019E-01
 calculate density kernel... Calculating charge density... done.
   Calculation finished. TOTAL CHARGE =   1.599999314500E+01
 ---------------------------------------------------------------- Updating potential.
 ++++++++++++++++++++++++++++++++++++++++++++++++++++++++++++++++++++++++++++++++++++++++++++
 at iteration 4 of the density optimization:
   coefficients obtained by diagonalization.
   it, Delta DENS, energy, energyDiff   4   1.57E-07   -3.77166827378588962E+01   -9.4549E-07
 ++++++++++++++++++++++++++++++++++++++++++++++++++++++++++++++++++++++++++++++++++++++++++++
   ebs, ehart, eexcu, vexcu, eexctX, eion, edisp -9.4551837674E+00  6.1043780365E+01 -8.4947009654E+00 -1.1136983793E+01  0.0000000000E+00  3.0140518280E+01  0.0000000000E+00
   itoutH, Delta DENSOUT, energy, energyDiff   5   6.02E-09   -3.77166827378588962E+01   -4.6505E-05
 ############################################################################################
 at iteration 5 of the outer loop:
   > basis functions optimization:
     - target function is energy
     - WARNING: basis functions not converged!
     Final values: target function, fnrm  -3.771660E+01    2.74E-03
   > density optimization:
     - using diagonalization / mixing.
     - WARNING: density optimization not converged!
     FINAL values: it, Delta DENS, energy   5    1.57E-07   -3.77166827378588962E+01
   > energy difference to last iteration: -4.650464E-05
 ############################################################################################
 ======================== Creation of the basis functions... ========================
 ----------------------------------------------------------------------------- iter=1
 Orthoconstraint... Preconditioning... done.
 iter, fnrm, fnrmMax, ebs, diff     1  3.3257878E-03  4.2058847E-03   -37.7165456150   1.5698E-05
 SD informations: mean alpha=6.300E-01, max alpha=6.300E-01, consecutive successes=1
 Orthonormalization... coeff renormalization... calculate density kernel... done.
 ----------------------------------------------------------------------------- iter=2
 Orthoconstraint... Preconditioning... done.
 iter, fnrm, fnrmMax, ebs, diff     2  2.7651093E-03  3.4867576E-03   -37.7165846767  -3.9062E-05
 SD informations: mean alpha=6.405E-01, max alpha=6.930E-01, consecutive successes=2
 Orthonormalization... coeff renormalization... calculate density kernel... done.
 ----------------------------------------------------------------------------- iter=3
 Orthoconstraint... Preconditioning... done.
 iter, fnrm, fnrmMax, ebs, diff     3  2.4038879E-03  3.0154077E-03   -37.7166137460  -2.9069E-05
 WARNING: not converged within 3 iterations! Exiting loop due to limitations of iterations.
 Final values for fnrm, fnrmMax, ebs:   2.4038879E-03  3.0154077E-03    -37.7166137
 ============================= Basis functions created. =============================
 ----------------------------------- Determination of the orbitals in this new basis.
 No Hamiltonian application required.
 Diagonalizing the Hamiltonian, sequential version... done.
 -------------------------------------------------
 some selected eigenvalues:
   eval(1)= -1.07441E+00
   eval(2)= -1.03946E+00
   eval(3)= -5.05827E-01
   eval(4)= -4.78173E-01
   eval(5)= -4.78106E-01
   eval(6)= -4.69941E-01
   eval(7)= -3.41017E-01
   eval(8)= -3.40921E-01  <-- last occupied orbital
   eval(9)= -6.30248E-03  <-- first virtual orbital
   eval(10)= -6.21909E-03
   eval(11)=  2.41879E-01
   eval(12)=  9.53006E-01
 -------------------------------------------------
 lowest, highest ev:-1.07441E+00 9.53006E-01
 calculate density kernel... Calculating charge density... done.
   Calculation finished. TOTAL CHARGE =   1.599999314525E+01
 ---------------------------------------------------------------- Updating potential.
 ++++++++++++++++++++++++++++++++++++++++++++++++++++++++++++++++++++++++++++++++++++++++++++
 at iteration 1 of the density optimization:
   coefficients obtained by diagonalization.
   it, Delta DENS, energy, energyDiff   1   1.59E-07   -3.77167008209846060E+01   -1.8083E-05
 ++++++++++++++++++++++++++++++++++++++++++++++++++++++++++++++++++++++++++++++++++++++++++++
 ----------------------------------- Determination of the orbitals in this new basis.
 Hamiltonian application done.
 Diagonalizing the Hamiltonian, sequential version... done.
 -------------------------------------------------
 some selected eigenvalues:
   eval(1)= -1.07445E+00
   eval(2)= -1.03944E+00
   eval(3)= -5.05877E-01
   eval(4)= -4.78188E-01
   eval(5)= -4.78122E-01
   eval(6)= -4.69894E-01
   eval(7)= -3.41024E-01
   eval(8)= -3.40929E-01  <-- last occupied orbital
   eval(9)= -6.26537E-03  <-- first virtual orbital
   eval(10)= -6.17740E-03
   eval(11)=  2.41852E-01
   eval(12)=  9.53031E-01
 -------------------------------------------------
 lowest, highest ev:-1.07445E+00 9.53031E-01
 calculate density kernel... Calculating charge density... done.
   Calculation finished. TOTAL CHARGE =   1.599999314600E+01
 ---------------------------------------------------------------- Updating potential.
 ++++++++++++++++++++++++++++++++++++++++++++++++++++++++++++++++++++++++++++++++++++++++++++
 at iteration 2 of the density optimization:
   coefficients obtained by diagonalization.
   it, Delta DENS, energy, energyDiff   2   1.60E-07   -3.77167017037911947E+01   -8.8281E-07
 ++++++++++++++++++++++++++++++++++++++++++++++++++++++++++++++++++++++++++++++++++++++++++++
 ----------------------------------- Determination of the orbitals in this new basis.
 Hamiltonian application done.
 Diagonalizing the Hamiltonian, sequential version... done.
 -------------------------------------------------
 some selected eigenvalues:
   eval(1)= -1.07445E+00
   eval(2)= -1.03949E+00
   eval(3)= -5.05873E-01
   eval(4)= -4.78203E-01
   eval(5)= -4.78137E-01
   eval(6)= -4.69979E-01
   eval(7)= -3.41068E-01
   eval(8)= -3.40974E-01  <-- last occupied orbital
   eval(9)= -6.32787E-03  <-- first virtual orbital
   eval(10)= -6.24458E-03
   eval(11)=  2.41851E-01
   eval(12)=  9.52990E-01
 -------------------------------------------------
 lowest, highest ev:-1.07445E+00 9.52990E-01
 calculate density kernel... Calculating charge density... done.
   Calculation finished. TOTAL CHARGE =   1.599999314494E+01
 ---------------------------------------------------------------- Updating potential.
 ++++++++++++++++++++++++++++++++++++++++++++++++++++++++++++++++++++++++++++++++++++++++++++
 at iteration 3 of the density optimization:
   coefficients obtained by diagonalization.
   it, Delta DENS, energy, energyDiff   3   1.62E-07   -3.77167026023123739E+01   -8.9852E-07
 ++++++++++++++++++++++++++++++++++++++++++++++++++++++++++++++++++++++++++++++++++++++++++++
 ----------------------------------- Determination of the orbitals in this new basis.
 Hamiltonian application done.
 Diagonalizing the Hamiltonian, sequential version... done.
 -------------------------------------------------
 some selected eigenvalues:
   eval(1)= -1.07447E+00
   eval(2)= -1.03945E+00
   eval(3)= -5.05890E-01
   eval(4)= -4.78208E-01
   eval(5)= -4.78142E-01
   eval(6)= -4.69893E-01
   eval(7)= -3.41032E-01
   eval(8)= -3.40937E-01  <-- last occupied orbital
   eval(9)= -6.28489E-03  <-- first virtual orbital
   eval(10)= -6.19695E-03
   eval(11)=  2.41833E-01
   eval(12)=  9.53011E-01
 -------------------------------------------------
 lowest, highest ev:-1.07447E+00 9.53011E-01
 calculate density kernel... Calculating charge density... done.
   Calculation finished. TOTAL CHARGE =   1.599999314613E+01
 ---------------------------------------------------------------- Updating potential.
 ++++++++++++++++++++++++++++++++++++++++++++++++++++++++++++++++++++++++++++++++++++++++++++
 at iteration 4 of the density optimization:
   coefficients obtained by diagonalization.
   it, Delta DENS, energy, energyDiff   4   1.63E-07   -3.77167034973290995E+01   -8.9502E-07
 ++++++++++++++++++++++++++++++++++++++++++++++++++++++++++++++++++++++++++++++++++++++++++++
   ebs, ehart, eexcu, vexcu, eexctX, eion, edisp -9.4560580716E+00  6.1042970038E+01 -8.4945837802E+00 -1.1136829934E+01  0.0000000000E+00  3.0140518280E+01  0.0000000000E+00
   itoutH, Delta DENSOUT, energy, energyDiff   6   2.35E-09   -3.77167034973290995E+01   -2.0759E-05
 ############################################################################################
 at iteration 6 of the outer loop:
   > basis functions optimization:
     - target function is energy
     - WARNING: basis functions not converged!
     Final values: target function, fnrm  -3.771661E+01    2.40E-03
   > density optimization:
     - using diagonalization / mixing.
     - WARNING: density optimization not converged!
     FINAL values: it, Delta DENS, energy   6    1.63E-07   -3.77167034973290995E+01
   > energy difference to last iteration: -2.075947E-05
 ############################################################################################
 ======================== Creation of the basis functions... ========================
 ----------------------------------------------------------------------------- iter=1
 Orthoconstraint... Preconditioning... done.
 iter, fnrm, fnrmMax, ebs, diff     1  3.1653549E-03  3.6516594E-03   -37.7165547997   2.9877E-05
 SD informations: mean alpha=6.888E-01, max alpha=6.888E-01, consecutive successes=1
 Orthonormalization... coeff renormalization... calculate density kernel... done.
 ----------------------------------------------------------------------------- iter=2
 Orthoconstraint... Preconditioning... done.
 iter, fnrm, fnrmMax, ebs, diff     2  2.6909923E-03  3.1984108E-03   -37.7165926847  -3.7885E-05
 SD informations: mean alpha=6.715E-01, max alpha=7.576E-01, consecutive successes=2
 Orthonormalization... coeff renormalization... calculate density kernel... done.
 ----------------------------------------------------------------------------- iter=3
 Orthoconstraint... Preconditioning... done.
 iter, fnrm, fnrmMax, ebs, diff     3  2.3923050E-03  2.8603334E-03   -37.7166209940  -2.8309E-05
 WARNING: not converged within 3 iterations! Exiting loop due to limitations of iterations.
 Final values for fnrm, fnrmMax, ebs:   2.3923050E-03  2.8603334E-03    -37.7166210
 ============================= Basis functions created. =============================
 ----------------------------------- Determination of the orbitals in this new basis.
 No Hamiltonian application required.
 Diagonalizing the Hamiltonian, sequential version... done.
 -------------------------------------------------
 some selected eigenvalues:
   eval(1)= -1.07446E+00
   eval(2)= -1.03950E+00
   eval(3)= -5.05888E-01
   eval(4)= -4.78212E-01
   eval(5)= -4.78145E-01
   eval(6)= -4.69985E-01
   eval(7)= -3.41081E-01
   eval(8)= -3.40987E-01  <-- last occupied orbital
   eval(9)= -6.34005E-03  <-- first virtual orbital
   eval(10)= -6.25582E-03
   eval(11)=  2.41894E-01
   eval(12)=  9.53022E-01
 -------------------------------------------------
 lowest, highest ev:-1.07446E+00 9.53022E-01
 calculate density kernel... Calculating charge density... done.
   Calculation finished. TOTAL CHARGE =   1.599999314552E+01
 ---------------------------------------------------------------- Updating potential.
 ++++++++++++++++++++++++++++++++++++++++++++++++++++++++++++++++++++++++++++++++++++++++++++
 at iteration 1 of the density optimization:
   coefficients obtained by diagonalization.
   it, Delta DENS, energy, energyDiff   1   1.66E-07   -3.77167114770107403E+01   -7.9797E-06
 ++++++++++++++++++++++++++++++++++++++++++++++++++++++++++++++++++++++++++++++++++++++++++++
 ----------------------------------- Determination of the orbitals in this new basis.
 Hamiltonian application done.
 Diagonalizing the Hamiltonian, sequential version... done.
 -------------------------------------------------
 some selected eigenvalues:
   eval(1)= -1.07453E+00
   eval(2)= -1.03951E+00
   eval(3)= -5.05947E-01
   eval(4)= -4.78255E-01
   eval(5)= -4.78189E-01
   eval(6)= -4.69937E-01
   eval(7)= -3.41089E-01
   eval(8)= -3.40995E-01  <-- last occupied orbital
   eval(9)= -6.33001E-03  <-- first virtual orbital
   eval(10)= -6.24042E-03
   eval(11)=  2.41832E-01
   eval(12)=  9.52996E-01
 -------------------------------------------------
 lowest, highest ev:-1.07453E+00 9.52996E-01
 calculate density kernel... Calculating charge density... done.
   Calculation finished. TOTAL CHARGE =   1.599999314674E+01
 ---------------------------------------------------------------- Updating potential.
 ++++++++++++++++++++++++++++++++++++++++++++++++++++++++++++++++++++++++++++++++++++++++++++
 at iteration 2 of the density optimization:
   coefficients obtained by diagonalization.
   it, Delta DENS, energy, energyDiff   2   1.67E-07   -3.77167123346879194E+01   -8.5768E-07
 ++++++++++++++++++++++++++++++++++++++++++++++++++++++++++++++++++++++++++++++++++++++++++++
 ----------------------------------- Determination of the orbitals in this new basis.
 Hamiltonian application done.
 Diagonalizing the Hamiltonian, sequential version... done.
 -------------------------------------------------
 some selected eigenvalues:
   eval(1)= -1.07455E+00
   eval(2)= -1.03958E+00
   eval(3)= -5.05961E-01
   eval(4)= -4.78281E-01
   eval(5)= -4.78215E-01
   eval(6)= -4.70052E-01
   eval(7)= -3.41159E-01
   eval(8)= -3.41066E-01  <-- last occupied orbital
   eval(9)= -6.41025E-03  <-- first virtual orbital
   eval(10)= -6.32618E-03
   eval(11)=  2.41816E-01
   eval(12)=  9.52938E-01
 -------------------------------------------------
 lowest, highest ev:-1.07455E+00 9.52938E-01
 calculate density kernel... Calculating charge density... done.
   Calculation finished. TOTAL CHARGE =   1.599999314534E+01
 ---------------------------------------------------------------- Updating potential.
 ++++++++++++++++++++++++++++++++++++++++++++++++++++++++++++++++++++++++++++++++++++++++++++
 at iteration 3 of the density optimization:
   coefficients obtained by diagonalization.
   it, Delta DENS, energy, energyDiff   3   1.68E-07   -3.77167132395077900E+01   -9.0482E-07
 ++++++++++++++++++++++++++++++++++++++++++++++++++++++++++++++++++++++++++++++++++++++++++++
 ----------------------------------- Determination of the orbitals in this new basis.
 Hamiltonian application done.
 Diagonalizing the Hamiltonian, sequential version... done.
 -------------------------------------------------
 some selected eigenvalues:
   eval(1)= -1.07458E+00
   eval(2)= -1.03954E+00
   eval(3)= -5.05980E-01
   eval(4)= -4.78291E-01
   eval(5)= -4.78226E-01
   eval(6)= -4.69958E-01
   eval(7)= -3.41118E-01
   eval(8)= -3.41025E-01  <-- last occupied orbital
   eval(9)= -6.36750E-03  <-- first virtual orbital
   eval(10)= -6.27796E-03
   eval(11)=  2.41792E-01
   eval(12)=  9.52949E-01
 -------------------------------------------------
 lowest, highest ev:-1.07458E+00 9.52949E-01
 calculate density kernel... Calculating charge density... done.
   Calculation finished. TOTAL CHARGE =   1.599999314681E+01
 ---------------------------------------------------------------- Updating potential.
 ++++++++++++++++++++++++++++++++++++++++++++++++++++++++++++++++++++++++++++++++++++++++++++
 at iteration 4 of the density optimization:
   coefficients obtained by diagonalization.
   it, Delta DENS, energy, energyDiff   4   1.70E-07   -3.77167141222989315E+01   -8.8279E-07
 ++++++++++++++++++++++++++++++++++++++++++++++++++++++++++++++++++++++++++++++++++++++++++++
   ebs, ehart, eexcu, vexcu, eexctX, eion, edisp -9.4574303244E+00  6.1041402826E+01 -8.4943535019E+00 -1.1136526515E+01  0.0000000000E+00  3.0140518280E+01  0.0000000000E+00
   itoutH, Delta DENSOUT, energy, energyDiff   7   1.43E-09   -3.77167141222989315E+01   -1.0625E-05
 ############################################################################################
 at iteration 7 of the outer loop:
   > basis functions optimization:
     - target function is energy
     - WARNING: basis functions not converged!
     Final values: target function, fnrm  -3.771662E+01    2.39E-03
   > density optimization:
     - using diagonalization / mixing.
     - WARNING: density optimization not converged!
     FINAL values: it, Delta DENS, energy   7    1.70E-07   -3.77167141222989315E+01
   > energy difference to last iteration: -1.062497E-05
 ############################################################################################
 ======================== Creation of the basis functions... ========================
 ----------------------------------------------------------------------------- iter=1
 Orthoconstraint... Preconditioning... done.
 iter, fnrm, fnrmMax, ebs, diff     1  3.2853656E-03  3.7476420E-03   -37.7165533805   3.9304E-05
 SD informations: mean alpha=7.215E-01, max alpha=7.215E-01, consecutive successes=1
 Orthonormalization... coeff renormalization... calculate density kernel... done.
 ----------------------------------------------------------------------------- iter=2
 Orthoconstraint... Preconditioning... done.
 iter, fnrm, fnrmMax, ebs, diff     2  2.7967757E-03  3.2554085E-03   -37.7165927781  -3.9398E-05
 SD informations: mean alpha=6.734E-01, max alpha=7.936E-01, consecutive successes=2
 Orthonormalization... coeff renormalization... calculate density kernel... done.
 ----------------------------------------------------------------------------- iter=3
 Orthoconstraint... Preconditioning... done.
 iter, fnrm, fnrmMax, ebs, diff     3  2.4866172E-03  3.0580799E-03   -37.7166212122  -2.8434E-05
 WARNING: not converged within 3 iterations! Exiting loop due to limitations of iterations.
 Final values for fnrm, fnrmMax, ebs:   2.4866172E-03  3.0580799E-03    -37.7166212
 ============================= Basis functions created. =============================
 ----------------------------------- Determination of the orbitals in this new basis.
 No Hamiltonian application required.
 Diagonalizing the Hamiltonian, sequential version... done.
 -------------------------------------------------
 some selected eigenvalues:
   eval(1)= -1.07457E+00
   eval(2)= -1.03959E+00
   eval(3)= -5.05983E-01
   eval(4)= -4.78298E-01
   eval(5)= -4.78232E-01
   eval(6)= -4.70065E-01
   eval(7)= -3.41177E-01
   eval(8)= -3.41085E-01  <-- last occupied orbital
   eval(9)= -6.41766E-03  <-- first virtual orbital
   eval(10)= -6.33063E-03
   eval(11)=  2.41837E-01
   eval(12)=  9.52943E-01
 -------------------------------------------------
 lowest, highest ev:-1.07457E+00 9.52943E-01
 calculate density kernel... Calculating charge density... done.
   Calculation finished. TOTAL CHARGE =   1.599999314500E+01
 ---------------------------------------------------------------- Updating potential.
 ++++++++++++++++++++++++++++++++++++++++++++++++++++++++++++++++++++++++++++++++++++++++++++
 at iteration 1 of the density optimization:
   coefficients obtained by diagonalization.
   it, Delta DENS, energy, energyDiff   1   1.71E-07   -3.77167178273044854E+01   -3.7050E-06
 ++++++++++++++++++++++++++++++++++++++++++++++++++++++++++++++++++++++++++++++++++++++++++++
 ----------------------------------- Determination of the orbitals in this new basis.
 Hamiltonian application done.
 Diagonalizing the Hamiltonian, sequential version... done.
 -------------------------------------------------
 some selected eigenvalues:
   eval(1)= -1.07458E+00
   eval(2)= -1.03953E+00
   eval(3)= -5.05986E-01
   eval(4)= -4.78294E-01
   eval(5)= -4.78229E-01
   eval(6)= -4.69949E-01
   eval(7)= -3.41118E-01
   eval(8)= -3.41025E-01  <-- last occupied orbital
   eval(9)= -6.35318E-03  <-- first virtual orbital
   eval(10)= -6.25988E-03
   eval(11)=  2.41832E-01
   eval(12)=  9.52979E-01
 -------------------------------------------------
 lowest, highest ev:-1.07458E+00 9.52979E-01
 calculate density kernel... Calculating charge density... done.
   Calculation finished. TOTAL CHARGE =   1.599999314671E+01
 ---------------------------------------------------------------- Updating potential.
 ++++++++++++++++++++++++++++++++++++++++++++++++++++++++++++++++++++++++++++++++++++++++++++
 at iteration 2 of the density optimization:
   coefficients obtained by diagonalization.
   it, Delta DENS, energy, energyDiff   2   1.73E-07   -3.77167187086095410E+01   -8.8131E-07
 ++++++++++++++++++++++++++++++++++++++++++++++++++++++++++++++++++++++++++++++++++++++++++++
 ----------------------------------- Determination of the orbitals in this new basis.
 Hamiltonian application done.
 Diagonalizing the Hamiltonian, sequential version... done.
 -------------------------------------------------
 some selected eigenvalues:
   eval(1)= -1.07457E+00
   eval(2)= -1.03958E+00
   eval(3)= -5.05987E-01
   eval(4)= -4.78297E-01
   eval(5)= -4.78232E-01
   eval(6)= -4.70059E-01
   eval(7)= -3.41178E-01
   eval(8)= -3.41086E-01  <-- last occupied orbital
   eval(9)= -6.41311E-03  <-- first virtual orbital
   eval(10)= -6.32632E-03
   eval(11)=  2.41844E-01
   eval(12)=  9.52956E-01
 -------------------------------------------------
 lowest, highest ev:-1.07457E+00 9.52956E-01
 calculate density kernel... Calculating charge density... done.
   Calculation finished. TOTAL CHARGE =   1.599999314496E+01
 ---------------------------------------------------------------- Updating potential.
 ++++++++++++++++++++++++++++++++++++++++++++++++++++++++++++++++++++++++++++++++++++++++++++
 at iteration 3 of the density optimization:
   coefficients obtained by diagonalization.
   it, Delta DENS, energy, energyDiff   3   1.74E-07   -3.77167196584783042E+01   -9.4987E-07
 ++++++++++++++++++++++++++++++++++++++++++++++++++++++++++++++++++++++++++++++++++++++++++++
 ----------------------------------- Determination of the orbitals in this new basis.
 Hamiltonian application done.
 Diagonalizing the Hamiltonian, sequential version... done.
 -------------------------------------------------
 some selected eigenvalues:
   eval(1)= -1.07458E+00
   eval(2)= -1.03953E+00
   eval(3)= -5.05989E-01
   eval(4)= -4.78295E-01
   eval(5)= -4.78230E-01
   eval(6)= -4.69940E-01
   eval(7)= -3.41115E-01
   eval(8)= -3.41023E-01  <-- last occupied orbital
   eval(9)= -6.35079E-03  <-- first virtual orbital
   eval(10)= -6.25756E-03
   eval(11)=  2.41835E-01
   eval(12)=  9.52984E-01
 -------------------------------------------------
 lowest, highest ev:-1.07458E+00 9.52984E-01
 calculate density kernel... Calculating charge density... done.
   Calculation finished. TOTAL CHARGE =   1.599999314674E+01
 ---------------------------------------------------------------- Updating potential.
 ++++++++++++++++++++++++++++++++++++++++++++++++++++++++++++++++++++++++++++++++++++++++++++
 at iteration 4 of the density optimization:
   coefficients obtained by diagonalization.
   it, Delta DENS, energy, energyDiff   4   1.76E-07   -3.77167205631235518E+01   -9.0465E-07
 ++++++++++++++++++++++++++++++++++++++++++++++++++++++++++++++++++++++++++++++++++++++++++++
   ebs, ehart, eexcu, vexcu, eexctX, eion, edisp -9.4574056266E+00  6.1041443722E+01 -8.4943729517E+00 -1.1136552712E+01  0.0000000000E+00  3.0140518280E+01  0.0000000000E+00
   itoutH, Delta DENSOUT, energy, energyDiff   8   1.18E-09   -3.77167205631235518E+01   -6.4408E-06
 ############################################################################################
 at iteration 8 of the outer loop:
   > basis functions optimization:
     - target function is energy
     - WARNING: basis functions not converged!
     Final values: target function, fnrm  -3.771662E+01    2.49E-03
   > density optimization:
     - using diagonalization / mixing.
     - WARNING: density optimization not converged!
     FINAL values: it, Delta DENS, energy   8    1.76E-07   -3.77167205631235518E+01
   > energy difference to last iteration: -6.440825E-06
 ############################################################################################
 ======================== Creation of the basis functions... ========================
 ----------------------------------------------------------------------------- iter=1
 Orthoconstraint... Preconditioning... done.
 iter, fnrm, fnrmMax, ebs, diff     1  3.4462165E-03  4.0633946E-03   -37.7165482672   4.4511E-05
 SD informations: mean alpha=6.054E-01, max alpha=6.054E-01, consecutive successes=1
 Orthonormalization... coeff renormalization... calculate density kernel... done.
 ----------------------------------------------------------------------------- iter=2
 Orthoconstraint... Preconditioning... done.
 iter, fnrm, fnrmMax, ebs, diff     2  2.8135812E-03  3.3188934E-03   -37.7165841118  -3.5845E-05
 SD informations: mean alpha=5.903E-01, max alpha=6.660E-01, consecutive successes=2
 Orthonormalization... coeff renormalization... calculate density kernel... done.
 ----------------------------------------------------------------------------- iter=3
 Orthoconstraint... Preconditioning... done.
 iter, fnrm, fnrmMax, ebs, diff     3  2.5013229E-03  3.0250678E-03   -37.7166123125  -2.8201E-05
 WARNING: not converged within 3 iterations! Exiting loop due to limitations of iterations.
 Final values for fnrm, fnrmMax, ebs:   2.5013229E-03  3.0250678E-03    -37.7166123
 ============================= Basis functions created. =============================
 ----------------------------------- Determination of the orbitals in this new basis.
 No Hamiltonian application required.
 Diagonalizing the Hamiltonian, sequential version... done.
 -------------------------------------------------
 some selected eigenvalues:
   eval(1)= -1.07457E+00
   eval(2)= -1.03958E+00
   eval(3)= -5.05992E-01
   eval(4)= -4.78297E-01
   eval(5)= -4.78232E-01
   eval(6)= -4.70054E-01
   eval(7)= -3.41178E-01
   eval(8)= -3.41087E-01  <-- last occupied orbital
   eval(9)= -6.39313E-03  <-- first virtual orbital
   eval(10)= -6.30518E-03
   eval(11)=  2.41886E-01
   eval(12)=  9.52983E-01
 -------------------------------------------------
 lowest, highest ev:-1.07457E+00 9.52983E-01
 calculate density kernel... Calculating charge density... done.
   Calculation finished. TOTAL CHARGE =   1.599999314541E+01
 ---------------------------------------------------------------- Updating potential.
 ++++++++++++++++++++++++++++++++++++++++++++++++++++++++++++++++++++++++++++++++++++++++++++
 at iteration 1 of the density optimization:
   coefficients obtained by diagonalization.
   it, Delta DENS, energy, energyDiff   1   1.78E-07   -3.77167229331996268E+01   -2.3701E-06
 ++++++++++++++++++++++++++++++++++++++++++++++++++++++++++++++++++++++++++++++++++++++++++++
 ----------------------------------- Determination of the orbitals in this new basis.
 Hamiltonian application done.
 Diagonalizing the Hamiltonian, sequential version... done.
 -------------------------------------------------
 some selected eigenvalues:
   eval(1)= -1.07463E+00
   eval(2)= -1.03956E+00
   eval(3)= -5.06030E-01
   eval(4)= -4.78328E-01
   eval(5)= -4.78263E-01
   eval(6)= -4.69969E-01
   eval(7)= -3.41152E-01
   eval(8)= -3.41060E-01  <-- last occupied orbital
   eval(9)= -6.35963E-03  <-- first virtual orbital
   eval(10)= -6.26454E-03
   eval(11)=  2.41838E-01
   eval(12)=  9.52966E-01
 -------------------------------------------------
 lowest, highest ev:-1.07463E+00 9.52966E-01
 calculate density kernel... Calculating charge density... done.
   Calculation finished. TOTAL CHARGE =   1.599999314726E+01
 ---------------------------------------------------------------- Updating potential.
 ++++++++++++++++++++++++++++++++++++++++++++++++++++++++++++++++++++++++++++++++++++++++++++
 at iteration 2 of the density optimization:
   coefficients obtained by diagonalization.
   it, Delta DENS, energy, energyDiff   2   1.79E-07   -3.77167238237026865E+01   -8.9050E-07
 ++++++++++++++++++++++++++++++++++++++++++++++++++++++++++++++++++++++++++++++++++++++++++++
 ----------------------------------- Determination of the orbitals in this new basis.
 Hamiltonian application done.
 Diagonalizing the Hamiltonian, sequential version... done.
 -------------------------------------------------
 some selected eigenvalues:
   eval(1)= -1.07464E+00
   eval(2)= -1.03964E+00
   eval(3)= -5.06049E-01
   eval(4)= -4.78351E-01
   eval(5)= -4.78286E-01
   eval(6)= -4.70104E-01
   eval(7)= -3.41236E-01
   eval(8)= -3.41144E-01  <-- last occupied orbital
   eval(9)= -6.44915E-03  <-- first virtual orbital
   eval(10)= -6.36118E-03
   eval(11)=  2.41823E-01
   eval(12)=  9.52910E-01
 -------------------------------------------------
 lowest, highest ev:-1.07464E+00 9.52910E-01
 calculate density kernel... Calculating charge density... done.
   Calculation finished. TOTAL CHARGE =   1.599999314529E+01
 ---------------------------------------------------------------- Updating potential.
 ++++++++++++++++++++++++++++++++++++++++++++++++++++++++++++++++++++++++++++++++++++++++++++
 at iteration 3 of the density optimization:
   coefficients obtained by diagonalization.
   it, Delta DENS, energy, energyDiff   3   1.80E-07   -3.77167247952885063E+01   -9.7159E-07
 ++++++++++++++++++++++++++++++++++++++++++++++++++++++++++++++++++++++++++++++++++++++++++++
 ----------------------------------- Determination of the orbitals in this new basis.
 Hamiltonian application done.
 Diagonalizing the Hamiltonian, sequential version... done.
 -------------------------------------------------
 some selected eigenvalues:
   eval(1)= -1.07467E+00
   eval(2)= -1.03959E+00
   eval(3)= -5.06057E-01
   eval(4)= -4.78356E-01
   eval(5)= -4.78291E-01
   eval(6)= -4.69986E-01
   eval(7)= -3.41175E-01
   eval(8)= -3.41082E-01  <-- last occupied orbital
   eval(9)= -6.38816E-03  <-- first virtual orbital
   eval(10)= -6.29299E-03
   eval(11)=  2.41806E-01
   eval(12)=  9.52928E-01
 -------------------------------------------------
 lowest, highest ev:-1.07467E+00 9.52928E-01
 calculate density kernel... Calculating charge density... done.
   Calculation finished. TOTAL CHARGE =   1.599999314730E+01
 ---------------------------------------------------------------- Updating potential.
 ++++++++++++++++++++++++++++++++++++++++++++++++++++++++++++++++++++++++++++++++++++++++++++
 at iteration 4 of the density optimization:
   coefficients obtained by diagonalization.
   it, Delta DENS, energy, energyDiff   4   1.82E-07   -3.77167257178978801E+01   -9.2261E-07
 ++++++++++++++++++++++++++++++++++++++++++++++++++++++++++++++++++++++++++++++++++++++++++++
   ebs, ehart, eexcu, vexcu, eexctX, eion, edisp -9.4584080584E+00  6.1040232691E+01 -8.4941834160E+00 -1.1136302548E+01  0.0000000000E+00  3.0140518280E+01  0.0000000000E+00
   itoutH, Delta DENSOUT, energy, energyDiff   9   1.25E-09   -3.77167257178978801E+01   -5.1548E-06
 ############################################################################################
 at iteration 9 of the outer loop:
   > basis functions optimization:
     - target function is energy
     - WARNING: basis functions not converged!
     Final values: target function, fnrm  -3.771661E+01    2.50E-03
   > density optimization:
     - using diagonalization / mixing.
     - WARNING: density optimization not converged!
     FINAL values: it, Delta DENS, energy   9    1.82E-07   -3.77167257178978801E+01
   > energy difference to last iteration: -5.154774E-06
 ############################################################################################
 ======================== Creation of the basis functions... ========================
 ----------------------------------------------------------------------------- iter=1
 Orthoconstraint... Preconditioning... done.
 iter, fnrm, fnrmMax, ebs, diff     1  3.3925573E-03  3.9332350E-03   -37.7165415122   4.2600E-05
 SD informations: mean alpha=6.342E-01, max alpha=6.342E-01, consecutive successes=1
 Orthonormalization... coeff renormalization... calculate density kernel... done.
 ----------------------------------------------------------------------------- iter=2
 Orthoconstraint... Preconditioning... done.
 iter, fnrm, fnrmMax, ebs, diff     2  2.8573648E-03  3.3701757E-03   -37.7165810810  -3.9569E-05
 SD informations: mean alpha=6.448E-01, max alpha=6.976E-01, consecutive successes=2
 Orthonormalization... coeff renormalization... calculate density kernel... done.
 ----------------------------------------------------------------------------- iter=3
 Orthoconstraint... Preconditioning... done.
 iter, fnrm, fnrmMax, ebs, diff     3  2.5488353E-03  3.0833864E-03   -37.7166118559  -3.0775E-05
 WARNING: not converged within 3 iterations! Exiting loop due to limitations of iterations.
 Final values for fnrm, fnrmMax, ebs:   2.5488353E-03  3.0833864E-03    -37.7166119
 ============================= Basis functions created. =============================
 ----------------------------------- Determination of the orbitals in this new basis.
 No Hamiltonian application required.
 Diagonalizing the Hamiltonian, sequential version... done.
 -------------------------------------------------
 some selected eigenvalues:
   eval(1)= -1.07466E+00
   eval(2)= -1.03966E+00
   eval(3)= -5.06068E-01
   eval(4)= -4.78365E-01
   eval(5)= -4.78299E-01
   eval(6)= -4.70113E-01
   eval(7)= -3.41249E-01
   eval(8)= -3.41157E-01  <-- last occupied orbital
   eval(9)= -6.43569E-03  <-- first virtual orbital
   eval(10)= -6.34601E-03
   eval(11)=  2.41851E-01
   eval(12)=  9.52922E-01
 -------------------------------------------------
 lowest, highest ev:-1.07466E+00 9.52922E-01
 calculate density kernel... Calculating charge density... done.
   Calculation finished. TOTAL CHARGE =   1.599999314514E+01
 ---------------------------------------------------------------- Updating potential.
 ++++++++++++++++++++++++++++++++++++++++++++++++++++++++++++++++++++++++++++++++++++++++++++
 at iteration 1 of the density optimization:
   coefficients obtained by diagonalization.
   it, Delta DENS, energy, energyDiff   1   1.84E-07   -3.77167277158796495E+01   -1.9980E-06
 ++++++++++++++++++++++++++++++++++++++++++++++++++++++++++++++++++++++++++++++++++++++++++++
 ----------------------------------- Determination of the orbitals in this new basis.
 Hamiltonian application done.
 Diagonalizing the Hamiltonian, sequential version... done.
 -------------------------------------------------
 some selected eigenvalues:
   eval(1)= -1.07466E+00
   eval(2)= -1.03957E+00
   eval(3)= -5.06057E-01
   eval(4)= -4.78349E-01
   eval(5)= -4.78285E-01
   eval(6)= -4.69969E-01
   eval(7)= -3.41165E-01
   eval(8)= -3.41073E-01  <-- last occupied orbital
   eval(9)= -6.34594E-03  <-- first virtual orbital
   eval(10)= -6.24859E-03
   eval(11)=  2.41861E-01
   eval(12)=  9.52971E-01
 -------------------------------------------------
 lowest, highest ev:-1.07466E+00 9.52971E-01
 calculate density kernel... Calculating charge density... done.
   Calculation finished. TOTAL CHARGE =   1.599999314737E+01
 ---------------------------------------------------------------- Updating potential.
 ++++++++++++++++++++++++++++++++++++++++++++++++++++++++++++++++++++++++++++++++++++++++++++
 at iteration 2 of the density optimization:
   coefficients obtained by diagonalization.
   it, Delta DENS, energy, energyDiff   2   1.85E-07   -3.77167286488991849E+01   -9.3302E-07
 ++++++++++++++++++++++++++++++++++++++++++++++++++++++++++++++++++++++++++++++++++++++++++++
 ----------------------------------- Determination of the orbitals in this new basis.
 Hamiltonian application done.
 Diagonalizing the Hamiltonian, sequential version... done.
 -------------------------------------------------
 some selected eigenvalues:
   eval(1)= -1.07464E+00
   eval(2)= -1.03963E+00
   eval(3)= -5.06062E-01
   eval(4)= -4.78351E-01
   eval(5)= -4.78286E-01
   eval(6)= -4.70097E-01
   eval(7)= -3.41238E-01
   eval(8)= -3.41146E-01  <-- last occupied orbital
   eval(9)= -6.41910E-03  <-- first virtual orbital
   eval(10)= -6.32960E-03
   eval(11)=  2.41870E-01
   eval(12)=  9.52948E-01
 -------------------------------------------------
 lowest, highest ev:-1.07464E+00 9.52948E-01
 calculate density kernel... Calculating charge density... done.
   Calculation finished. TOTAL CHARGE =   1.599999314510E+01
 ---------------------------------------------------------------- Updating potential.
 ++++++++++++++++++++++++++++++++++++++++++++++++++++++++++++++++++++++++++++++++++++++++++++
 at iteration 3 of the density optimization:
   coefficients obtained by diagonalization.
   it, Delta DENS, energy, energyDiff   3   1.86E-07   -3.77167296767369535E+01   -1.0278E-06
 ++++++++++++++++++++++++++++++++++++++++++++++++++++++++++++++++++++++++++++++++++++++++++++
 ----------------------------------- Determination of the orbitals in this new basis.
 Hamiltonian application done.
 Diagonalizing the Hamiltonian, sequential version... done.
 -------------------------------------------------
 some selected eigenvalues:
   eval(1)= -1.07466E+00
   eval(2)= -1.03956E+00
   eval(3)= -5.06055E-01
   eval(4)= -4.78343E-01
   eval(5)= -4.78279E-01
   eval(6)= -4.69955E-01
   eval(7)= -3.41156E-01
   eval(8)= -3.41064E-01  <-- last occupied orbital
   eval(9)= -6.33763E-03  <-- first virtual orbital
   eval(10)= -6.24029E-03
   eval(11)=  2.41869E-01
   eval(12)=  9.52983E-01
 -------------------------------------------------
 lowest, highest ev:-1.07466E+00 9.52983E-01
 calculate density kernel... Calculating charge density... done.
   Calculation finished. TOTAL CHARGE =   1.599999314741E+01
 ---------------------------------------------------------------- Updating potential.
 ++++++++++++++++++++++++++++++++++++++++++++++++++++++++++++++++++++++++++++++++++++++++++++
 at iteration 4 of the density optimization:
   coefficients obtained by diagonalization.
   it, Delta DENS, energy, energyDiff   4   1.88E-07   -3.77167306340083357E+01   -9.5727E-07
 ++++++++++++++++++++++++++++++++++++++++++++++++++++++++++++++++++++++++++++++++++++++++++++
   ebs, ehart, eexcu, vexcu, eexctX, eion, edisp -9.4581351270E+00  6.1040516533E+01 -8.4942271665E+00 -1.1136360435E+01  0.0000000000E+00  3.0140518280E+01  0.0000000000E+00
   itoutH, Delta DENSOUT, energy, energyDiff   10   7.24E-10   -3.77167306340083357E+01   -4.9161E-06
 #############################################################################################
 at iteration 10 of the outer loop:
   > basis functions optimization:
     - target function is energy
     - WARNING: basis functions not converged!
     Final values: target function, fnrm  -3.771661E+01    2.55E-03
   > density optimization:
     - using diagonalization / mixing.
     - WARNING: density optimization not converged!
     FINAL values: it, Delta DENS, energy   10    1.88E-07   -3.77167306340083357E+01
   > energy difference to last iteration: -4.916110E-06
 #############################################################################################
 WARNING: commented correction_locrad!
iat, fpulay    1    6.286251E-04    9.571849E-04    9.702147E-04
iat, fpulay    2    1.155465E-03    1.204615E-03    1.296542E-03
iat, fpulay    3   -5.453009E-03   -6.174973E-03   -6.224338E-03
 done.
Calculating charge density... done.
   Calculation finished. TOTAL CHARGE =   1.599999314741E+01
 ----------------------------------------------------------------- Forces Calculation
 Calculate local forces...done. Leaked force:  0.00000E+00
 average noise along x direction:   9.21218957E-03
 average noise along y direction:   1.19109567E-02
 average noise along z direction:   1.20139502E-02
 total average noise            :   1.92631857E-02
 clean forces norm (Ha/Bohr): maxval=  1.215585616469E-02  fnrm2=  2.450504647891E-04
 raw forces:                  maxval=  4.372164679627E-02  fnrm2=  3.196947774597E-03
 Final values of the Forces for each atom
     1      O  6.42219E-03  7.19849E-03  7.39609E-03
     2      O -1.44633E-03 -1.66112E-03 -1.50011E-03
     3      C -4.97586E-03 -5.53737E-03 -5.89597E-03
