 <BigDFT> log of the run will be written in logfile: ./log-oh-.yaml
  #WARNING: ERROR of checksum for orbital 1: difference of  3.63798E-12
  #WARNING: ERROR of checksum for orbital 1: difference of  3.63798E-12
  #WARNING: ERROR of checksum for orbital 2: difference of  2.18279E-11
  #WARNING: ERROR of checksum for orbital 3: difference of  2.91038E-11
  #WARNING: ERROR of checksum for orbital 1: difference of  3.63798E-12
  #WARNING: ERROR of checksum for orbital 2: difference of  2.18279E-11
  #WARNING: ERROR of checksum for orbital 3: difference of  2.91038E-11
  #WARNING: ERROR of checksum for orbital 4: difference of  7.27596E-11
  #WARNING: ERROR of checksum for orbital 4: difference of  7.27596E-11
  #WARNING: ERROR (Transposition): process 7 found an error of: 7.2759576E-11
  #WARNING: ERROR (Transposition): process 6 found an error of: 7.2759576E-11
  #WARNING: ERROR of checksum for orbital 2: difference of  2.18279E-11
  #WARNING: ERROR of checksum for orbital 3: difference of  2.91038E-11
  #WARNING: ERROR of checksum for orbital 4: difference of  7.27596E-11
  #WARNING: ERROR (Transposition): process 5 found an error of: 7.2759576E-11
  #WARNING: ERROR of checksum for orbital 2: difference of  2.91038E-11
  #WARNING: ERROR of checksum for orbital 4: difference of  8.73115E-11
  #WARNING: ERROR of checksum for orbital 2: difference of  2.91038E-11
  #WARNING: ERROR of checksum for orbital 4: difference of  8.73115E-11
  #WARNING: ERROR of checksum for orbital 2: difference of  2.91038E-11
  #WARNING: ERROR (Transposition): process 7 found an error of: 8.7311491E-11
  #WARNING: ERROR (Transposition): process 6 found an error of: 8.7311491E-11
  #WARNING: ERROR of checksum for orbital 4: difference of  8.73115E-11
  #WARNING: ERROR (Transposition): process 5 found an error of: 8.7311491E-11
